Archive member included to satisfy reference by file (symbol)

/storage/media_workspace/VIM/VIM4N_build/backup/SDK_202406/build/tmp/work/mesont7_kvim4_5.15-poky-linux/u-boot/v2019.01+git999-r1/recipe-sysroot-native/riscv-none-gcc/bin/../lib/gcc/riscv-none-embed/7.2.0/rv32im/ilp32/libgcc.a(_ffssi2.o)
                              gcc//storage/media_workspace/VIM/VIM4N_build/backup/SDK_202406/aml-comp/uboot/bl30/src_ao/demos/amlogic/driver/leds//leds_state.o (__ffssi2)
/storage/media_workspace/VIM/VIM4N_build/backup/SDK_202406/build/tmp/work/mesont7_kvim4_5.15-poky-linux/u-boot/v2019.01+git999-r1/recipe-sysroot-native/riscv-none-gcc/bin/../lib/gcc/riscv-none-embed/7.2.0/rv32im/ilp32/libgcc.a(_clz.o)
                              /storage/media_workspace/VIM/VIM4N_build/backup/SDK_202406/build/tmp/work/mesont7_kvim4_5.15-poky-linux/u-boot/v2019.01+git999-r1/recipe-sysroot-native/riscv-none-gcc/bin/../lib/gcc/riscv-none-embed/7.2.0/rv32im/ilp32/libgcc.a(_ffssi2.o) (__clz_tab)
/storage/media_workspace/VIM/VIM4N_build/backup/SDK_202406/build/tmp/work/mesont7_kvim4_5.15-poky-linux/u-boot/v2019.01+git999-r1/recipe-sysroot-native/riscv-none-gcc/bin/../lib/gcc/riscv-none-embed/7.2.0/rv32im/ilp32/libgcc.a(_udivdi3.o)
                              gcc//storage/media_workspace/VIM/VIM4N_build/backup/SDK_202406/aml-comp/uboot/bl30/src_ao/demos/amlogic/driver/timer_source//timer_source.o (__udivdi3)

Discarded input sections

 .text          0x0000000000000000        0x0 gcc//storage/media_workspace/VIM/VIM4N_build/backup/SDK_202406/aml-comp/uboot/bl30/src_ao/demos/amlogic/driver/saradc//saradc_g12a.o
 .data          0x0000000000000000        0x0 gcc//storage/media_workspace/VIM/VIM4N_build/backup/SDK_202406/aml-comp/uboot/bl30/src_ao/demos/amlogic/driver/saradc//saradc_g12a.o
 .bss           0x0000000000000000        0x0 gcc//storage/media_workspace/VIM/VIM4N_build/backup/SDK_202406/aml-comp/uboot/bl30/src_ao/demos/amlogic/driver/saradc//saradc_g12a.o
 .text.vAdcHandlerISR
                0x0000000000000000       0x5a gcc//storage/media_workspace/VIM/VIM4N_build/backup/SDK_202406/aml-comp/uboot/bl30/src_ao/demos/amlogic/driver/saradc//saradc_g12a.o
 .text.vAdcInit
                0x0000000000000000      0x112 gcc//storage/media_workspace/VIM/VIM4N_build/backup/SDK_202406/aml-comp/uboot/bl30/src_ao/demos/amlogic/driver/saradc//saradc_g12a.o
 .text.vAdcDeinit
                0x0000000000000000       0x76 gcc//storage/media_workspace/VIM/VIM4N_build/backup/SDK_202406/aml-comp/uboot/bl30/src_ao/demos/amlogic/driver/saradc//saradc_g12a.o
 .text.vAdcHwEnable
                0x0000000000000000       0x70 gcc//storage/media_workspace/VIM/VIM4N_build/backup/SDK_202406/aml-comp/uboot/bl30/src_ao/demos/amlogic/driver/saradc//saradc_g12a.o
 .text.vAdcHwDisable
                0x0000000000000000       0x60 gcc//storage/media_workspace/VIM/VIM4N_build/backup/SDK_202406/aml-comp/uboot/bl30/src_ao/demos/amlogic/driver/saradc//saradc_g12a.o
 .text.xAdcGetSample
                0x0000000000000000      0x2a4 gcc//storage/media_workspace/VIM/VIM4N_build/backup/SDK_202406/aml-comp/uboot/bl30/src_ao/demos/amlogic/driver/saradc//saradc_g12a.o
 .text.vAdcSelfTest
                0x0000000000000000       0x9e gcc//storage/media_workspace/VIM/VIM4N_build/backup/SDK_202406/aml-comp/uboot/bl30/src_ao/demos/amlogic/driver/saradc//saradc_g12a.o
 .bss.SaradcRegBackup
                0x0000000000000000       0x4c gcc//storage/media_workspace/VIM/VIM4N_build/backup/SDK_202406/aml-comp/uboot/bl30/src_ao/demos/amlogic/driver/saradc//saradc_g12a.o
 .rodata.ch7Vol
                0x0000000000000000       0x14 gcc//storage/media_workspace/VIM/VIM4N_build/backup/SDK_202406/aml-comp/uboot/bl30/src_ao/demos/amlogic/driver/saradc//saradc_g12a.o
 .rodata.str1.4
                0x0000000000000000       0x20 gcc//storage/media_workspace/VIM/VIM4N_build/backup/SDK_202406/aml-comp/uboot/bl30/src_ao/demos/amlogic/driver/saradc//saradc_g12a.o
 .rodata.vAdcInit.str1.4
                0x0000000000000000       0x93 gcc//storage/media_workspace/VIM/VIM4N_build/backup/SDK_202406/aml-comp/uboot/bl30/src_ao/demos/amlogic/driver/saradc//saradc_g12a.o
 .rodata.vAdcSelfTest.str1.4
                0x0000000000000000        0xa gcc//storage/media_workspace/VIM/VIM4N_build/backup/SDK_202406/aml-comp/uboot/bl30/src_ao/demos/amlogic/driver/saradc//saradc_g12a.o
 .rodata.xAdcGetSample.str1.4
                0x0000000000000000       0x35 gcc//storage/media_workspace/VIM/VIM4N_build/backup/SDK_202406/aml-comp/uboot/bl30/src_ao/demos/amlogic/driver/saradc//saradc_g12a.o
 .sbss.adcSemaphoreBinary
                0x0000000000000000        0x4 gcc//storage/media_workspace/VIM/VIM4N_build/backup/SDK_202406/aml-comp/uboot/bl30/src_ao/demos/amlogic/driver/saradc//saradc_g12a.o
 .sbss.adcSemaphoreMutex
                0x0000000000000000        0x4 gcc//storage/media_workspace/VIM/VIM4N_build/backup/SDK_202406/aml-comp/uboot/bl30/src_ao/demos/amlogic/driver/saradc//saradc_g12a.o
[...]
Memory Configuration

Name             Origin             Length             Attributes
ram              0x00000000f7021000 0x0000000000010000 rw
*default*        0x0000000000000000 0xffffffffffffffff

Linker script and memory map

LOAD gcc//storage/media_workspace/VIM/VIM4N_build/backup/SDK_202406/aml-comp/uboot/bl30/src_ao/demos/amlogic/driver/saradc//saradc_g12a.o
LOAD gcc//storage/media_workspace/VIM/VIM4N_build/backup/SDK_202406/aml-comp/uboot/bl30/src_ao/demos/amlogic/driver/timer_source//timer_source.o
LOAD gcc//storage/media_workspace/VIM/VIM4N_build/backup/SDK_202406/aml-comp/uboot/bl30/src_ao/demos/amlogic/driver/hdmirx/t7_common//hdmirx_wake.o
LOAD gcc//storage/media_workspace/VIM/VIM4N_build/backup/SDK_202406/aml-comp/uboot/bl30/src_ao/demos/amlogic/driver/key//adc_key.o
LOAD gcc//storage/media_workspace/VIM/VIM4N_build/backup/SDK_202406/aml-comp/uboot/bl30/src_ao/demos/amlogic/driver/key//dynamic_keypad.o
LOAD gcc//storage/media_workspace/VIM/VIM4N_build/backup/SDK_202406/aml-comp/uboot/bl30/src_ao/demos/amlogic/driver/key//gpio_key.o
LOAD gcc//storage/media_workspace/VIM/VIM4N_build/backup/SDK_202406/aml-comp/uboot/bl30/src_ao/demos/amlogic/driver/ir//ir.o
LOAD gcc//storage/media_workspace/VIM/VIM4N_build/backup/SDK_202406/aml-comp/uboot/bl30/src_ao/demos/amlogic/driver/ir//ir_regmap.o
LOAD gcc//storage/media_workspace/VIM/VIM4N_build/backup/SDK_202406/aml-comp/uboot/bl30/src_ao/demos/amlogic/driver/stick_mem//stick_mem.o
LOAD gcc//storage/media_workspace/VIM/VIM4N_build/backup/SDK_202406/aml-comp/uboot/bl30/src_ao/demos/amlogic/driver/uart//uart.o
LOAD gcc//storage/media_workspace/VIM/VIM4N_build/backup/SDK_202406/aml-comp/uboot/bl30/src_ao/demos/amlogic/driver/vrtc//vrtc.o
LOAD gcc//storage/media_workspace/VIM/VIM4N_build/backup/SDK_202406/aml-comp/uboot/bl30/src_ao/demos/amlogic/driver/eth//eth.o
LOAD gcc//storage/media_workspace/VIM/VIM4N_build/backup/SDK_202406/aml-comp/uboot/bl30/src_ao/demos/amlogic/driver/pwm//pwm_meson_v2.o
LOAD gcc//storage/media_workspace/VIM/VIM4N_build/backup/SDK_202406/aml-comp/uboot/bl30/src_ao/demos/amlogic/driver/pwm//pwm_t7_plat.o
LOAD gcc//storage/media_workspace/VIM/VIM4N_build/backup/SDK_202406/aml-comp/uboot/bl30/src_ao/demos/amlogic/driver/wifi_bt//wifi_bt_wake.o
LOAD gcc//storage/media_workspace/VIM/VIM4N_build/backup/SDK_202406/aml-comp/uboot/bl30/src_ao/demos/amlogic/driver/gpio//gpio.o
LOAD gcc//storage/media_workspace/VIM/VIM4N_build/backup/SDK_202406/aml-comp/uboot/bl30/src_ao/demos/amlogic/driver/gpio//gpio_irq.o
LOAD gcc//storage/media_workspace/VIM/VIM4N_build/backup/SDK_202406/aml-comp/uboot/bl30/src_ao/demos/amlogic/driver/gpio//gpio_t7_plat.o
LOAD gcc//storage/media_workspace/VIM/VIM4N_build/backup/SDK_202406/aml-comp/uboot/bl30/src_ao/demos/amlogic/driver/get_version//version.o
LOAD gcc//storage/media_workspace/VIM/VIM4N_build/backup/SDK_202406/aml-comp/uboot/bl30/src_ao/demos/amlogic/driver/mailbox//mailbox-htbl.o
LOAD gcc//storage/media_workspace/VIM/VIM4N_build/backup/SDK_202406/aml-comp/uboot/bl30/src_ao/demos/amlogic/driver/mailbox//mailbox-irq.o
LOAD gcc//storage/media_workspace/VIM/VIM4N_build/backup/SDK_202406/aml-comp/uboot/bl30/src_ao/demos/amlogic/driver/mailbox//mailbox.o
LOAD gcc//storage/media_workspace/VIM/VIM4N_build/backup/SDK_202406/aml-comp/uboot/bl30/src_ao/demos/amlogic/driver/mailbox//rpc-user.o
LOAD gcc//storage/media_workspace/VIM/VIM4N_build/backup/SDK_202406/aml-comp/uboot/bl30/src_ao/demos/amlogic/driver/leds//leds_state.o
LOAD gcc//storage/media_workspace/VIM/VIM4N_build/backup/SDK_202406/aml-comp/uboot/bl30/src_ao/demos/amlogic/driver/leds//leds_t7_plat.o
LOAD gcc//storage/media_workspace/VIM/VIM4N_build/backup/SDK_202406/aml-comp/uboot/bl30/src_ao/demos/amlogic/driver/str//suspend.o
LOAD gcc//storage/media_workspace/VIM/VIM4N_build/backup/SDK_202406/aml-comp/uboot/bl30/src_ao/demos/amlogic/driver/cec//hdmi_cec.o
LOAD gcc//storage/media_workspace/VIM/VIM4N_build/backup/SDK_202406/aml-comp/uboot/bl30/src_ao/demos/amlogic/driver/i2c//i2c.o
LOAD gcc//storage/media_workspace/VIM/VIM4N_build/backup/SDK_202406/aml-comp/uboot/bl30/src_ao/demos/amlogic/driver/i2c//t7_plat.o
LOAD gcc/main.o
LOAD gcc/power.o
LOAD gcc/list.o
LOAD gcc/queue.o
LOAD gcc/tasks.o
LOAD gcc/timers.o
LOAD gcc/port.o
LOAD gcc/portasm.o
LOAD gcc/heap_5.o
LOAD gcc/n200_func.o
LOAD gcc/handlers.o
LOAD gcc/interrupt_control_eclic.o
LOAD gcc/util.o
LOAD gcc/myprintf.o
LOAD gcc/start.o
LOAD gcc/vtable.o
LOAD gcc/keypad.o
LOAD /storage/media_workspace/VIM/VIM4N_build/backup/SDK_202406/build/tmp/work/mesont7_kvim4_5.15-poky-linux/u-boot/v2019.01+git999-r1/recipe-sysroot-native/riscv-none-gcc/bin/../lib/gcc/riscv-none-embed/7.2.0/rv32im/ilp32/libgcc.a
                0x0000000000000800                __stack_size = DEFINED (__stack_size)?__stack_size:0x800

.text           0x00000000f7021000     0xd4cc
                0x00000000f7021000                . = ALIGN (0x4)
                0x00000000f7021000                PROVIDE (_text, .)
 *(.init)
 .init          0x00000000f7021000       0x94 gcc/start.o
                0x00000000f7021000                _start
                0x00000000f7021072                disable_mcycle_minstret
                0x00000000f7021078                enable_mcycle_minstret
                0x00000000f702107e                core_wfe
 *(.text* .rodata*)
 .text.udelay.part.0
                0x00000000f7021094       0x32 gcc//storage/media_workspace/VIM/VIM4N_build/backup/SDK_202406/aml-comp/uboot/bl30/src_ao/demos/amlogic/driver/timer_source//timer_source.o
 .text.timere_read
                0x00000000f70210c6       0x24 gcc//storage/media_workspace/VIM/VIM4N_build/backup/SDK_202406/aml-comp/uboot/bl30/src_ao/demos/amlogic/driver/timer_source//timer_source.o
                0x00000000f70210c6                timere_read
 .text.udelay   0x00000000f70210ea        0x6 gcc//storage/media_workspace/VIM/VIM4N_build/backup/SDK_202406/aml-comp/uboot/bl30/src_ao/demos/amlogic/driver/timer_source//timer_source.o
                0x00000000f70210ea                udelay
 .text.hdmirx_IRQHandle
                0x00000000f70210f0       0x92 gcc//storage/media_workspace/VIM/VIM4N_build/backup/SDK_202406/aml-comp/uboot/bl30/src_ao/demos/amlogic/driver/hdmirx/t7_common//hdmirx_wake.o
 .text.hdmirx_GpioIRQRegister
                0x00000000f7021182       0xb8 gcc//storage/media_workspace/VIM/VIM4N_build/backup/SDK_202406/aml-comp/uboot/bl30/src_ao/demos/amlogic/driver/hdmirx/t7_common//hdmirx_wake.o
                0x00000000f7021182                hdmirx_GpioIRQRegister
 .text.hdmirx_GpioIRQFree
                0x00000000f702123a       0x3e gcc//storage/media_workspace/VIM/VIM4N_build/backup/SDK_202406/aml-comp/uboot/bl30/src_ao/demos/amlogic/driver/hdmirx/t7_common//hdmirx_wake.o
                0x00000000f702123a                hdmirx_GpioIRQFree
 *fill*         0x00000000f7021278        0x0 
 .rodata.__func__.2437
                0x00000000f7021278       0x11 gcc//storage/media_workspace/VIM/VIM4N_build/backup/SDK_202406/aml-comp/uboot/bl30/src_ao/demos/amlogic/driver/hdmirx/t7_common//hdmirx_wake.o
 *fill*         0x00000000f7021289        0x3 
 .rodata.__func__.2441
                0x00000000f702128c       0x17 gcc//storage/media_workspace/VIM/VIM4N_build/backup/SDK_202406/aml-comp/uboot/bl30/src_ao/demos/amlogic/driver/hdmirx/t7_common//hdmirx_wake.o
 *fill*         0x00000000f70212a3        0x1 
 .rodata.hdmirx_GpioIRQRegister.str1.4
                0x00000000f70212a4       0x2a gcc//storage/media_workspace/VIM/VIM4N_build/backup/SDK_202406/aml-comp/uboot/bl30/src_ao/demos/amlogic/driver/hdmirx/t7_common//hdmirx_wake.o
 *fill*         0x00000000f70212ce        0x2 
 .rodata.hdmirx_IRQHandle.str1.4
                0x00000000f70212d0       0x2c gcc//storage/media_workspace/VIM/VIM4N_build/backup/SDK_202406/aml-comp/uboot/bl30/src_ao/demos/amlogic/driver/hdmirx/t7_common//hdmirx_wake.o
 .text.prvDetectGpioKey
                0x00000000f70212fc       0xca gcc//storage/media_workspace/VIM/VIM4N_build/backup/SDK_202406/aml-comp/uboot/bl30/src_ao/demos/amlogic/driver/key//gpio_key.o
 .text.prvGpioKeyHandler
                0x00000000f70213c6       0x30 gcc//storage/media_workspace/VIM/VIM4N_build/backup/SDK_202406/aml-comp/uboot/bl30/src_ao/demos/amlogic/driver/key//gpio_key.o
 .text.vCreateGpioKey
                0x00000000f70213f6      0x112 gcc//storage/media_workspace/VIM/VIM4N_build/backup/SDK_202406/aml-comp/uboot/bl30/src_ao/demos/amlogic/driver/key//gpio_key.o
                0x00000000f70213f6                vCreateGpioKey
 .text.vDestroyGpioKey
                0x00000000f7021508       0x56 gcc//storage/media_workspace/VIM/VIM4N_build/backup/SDK_202406/aml-comp/uboot/bl30/src_ao/demos/amlogic/driver/key//gpio_key.o
                0x00000000f7021508                vDestroyGpioKey
 .text.vGpioKeyEnable
                0x00000000f702155e       0x70 gcc//storage/media_workspace/VIM/VIM4N_build/backup/SDK_202406/aml-comp/uboot/bl30/src_ao/demos/amlogic/driver/key//gpio_key.o
                0x00000000f702155e                vGpioKeyEnable
 .text.vGpioKeyDisable
                0x00000000f70215ce       0x28 gcc//storage/media_workspace/VIM/VIM4N_build/backup/SDK_202406/aml-comp/uboot/bl30/src_ao/demos/amlogic/driver/key//gpio_key.o
                0x00000000f70215ce                vGpioKeyDisable
 *fill*         0x00000000f70215f6        0x2 
 .rodata.vCreateGpioKey.str1.4
                0x00000000f70215f8       0x67 gcc//storage/media_workspace/VIM/VIM4N_build/backup/SDK_202406/aml-comp/uboot/bl30/src_ao/demos/amlogic/driver/key//gpio_key.o
 *fill*         0x00000000f702165f        0x1 
 .rodata.vDestroyGpioKey.str1.4
                0x00000000f7021660       0x1c gcc//storage/media_workspace/VIM/VIM4N_build/backup/SDK_202406/aml-comp/uboot/bl30/src_ao/demos/amlogic/driver/key//gpio_key.o
 .text.vSetIRWorkMode
                0x00000000f702167c       0xb8 gcc//storage/media_workspace/VIM/VIM4N_build/backup/SDK_202406/aml-comp/uboot/bl30/src_ao/demos/amlogic/driver/ir//ir.o
 .text.vIRInterruptHandler
                0x00000000f7021734      0x13c gcc//storage/media_workspace/VIM/VIM4N_build/backup/SDK_202406/aml-comp/uboot/bl30/src_ao/demos/amlogic/driver/ir//ir.o
 .text.vInitIRWorkMode
                0x00000000f7021870       0x32 gcc//storage/media_workspace/VIM/VIM4N_build/backup/SDK_202406/aml-comp/uboot/bl30/src_ao/demos/amlogic/driver/ir//ir.o
                0x00000000f7021870                vInitIRWorkMode
 .text.vIRInit  0x00000000f70218a2       0xe0 gcc//storage/media_workspace/VIM/VIM4N_build/backup/SDK_202406/aml-comp/uboot/bl30/src_ao/demos/amlogic/driver/ir//ir.o
                0x00000000f70218a2                vIRInit
 .text.vIRDeint
                0x00000000f7021982       0x26 gcc//storage/media_workspace/VIM/VIM4N_build/backup/SDK_202406/aml-comp/uboot/bl30/src_ao/demos/amlogic/driver/ir//ir.o
                0x00000000f7021982                vIRDeint
 *fill*         0x00000000f70219a8        0x0 
 .rodata.__func__.2882
                0x00000000f70219a8        0xf gcc//storage/media_workspace/VIM/VIM4N_build/backup/SDK_202406/aml-comp/uboot/bl30/src_ao/demos/amlogic/driver/ir//ir.o
 *fill*         0x00000000f70219b7        0x1 
 .rodata.__func__.2910
                0x00000000f70219b8       0x14 gcc//storage/media_workspace/VIM/VIM4N_build/backup/SDK_202406/aml-comp/uboot/bl30/src_ao/demos/amlogic/driver/ir//ir.o
 .rodata.vIRInit.str1.4
                0x00000000f70219cc       0x7c gcc//storage/media_workspace/VIM/VIM4N_build/backup/SDK_202406/aml-comp/uboot/bl30/src_ao/demos/amlogic/driver/ir//ir.o
 .rodata.vIRInterruptHandler.str1.4
                0x00000000f7021a48       0x42 gcc//storage/media_workspace/VIM/VIM4N_build/backup/SDK_202406/aml-comp/uboot/bl30/src_ao/demos/amlogic/driver/ir//ir.o
 *fill*         0x00000000f7021a8a        0x2 
 .rodata.vSetIRWorkMode.str1.4
                0x00000000f7021a8c       0x36 gcc//storage/media_workspace/VIM/VIM4N_build/backup/SDK_202406/aml-comp/uboot/bl30/src_ao/demos/amlogic/driver/ir//ir.o
 .text.pGetIRDrvData
                0x00000000f7021ac2        0xa gcc//storage/media_workspace/VIM/VIM4N_build/backup/SDK_202406/aml-comp/uboot/bl30/src_ao/demos/amlogic/driver/ir//ir_regmap.o
                0x00000000f7021ac2                pGetIRDrvData
 .text.pGetSupportProtocol
                0x00000000f7021acc        0xa gcc//storage/media_workspace/VIM/VIM4N_build/backup/SDK_202406/aml-comp/uboot/bl30/src_ao/demos/amlogic/driver/ir//ir_regmap.o
                0x00000000f7021acc                pGetSupportProtocol
 .text.stick_mem_read
                0x00000000f7021ad6       0x56 gcc//storage/media_workspace/VIM/VIM4N_build/backup/SDK_202406/aml-comp/uboot/bl30/src_ao/demos/amlogic/driver/stick_mem//stick_mem.o
                0x00000000f7021ad6                stick_mem_read
 .text.stick_mem_write
                0x00000000f7021b2c       0x54 gcc//storage/media_workspace/VIM/VIM4N_build/backup/SDK_202406/aml-comp/uboot/bl30/src_ao/demos/amlogic/driver/stick_mem//stick_mem.o
                0x00000000f7021b2c                stick_mem_write
 .text.stick_mem_init
                0x00000000f7021b80       0x42 gcc//storage/media_workspace/VIM/VIM4N_build/backup/SDK_202406/aml-comp/uboot/bl30/src_ao/demos/amlogic/driver/stick_mem//stick_mem.o
                0x00000000f7021b80                stick_mem_init
 .text.get_stick_reboot_flag
                0x00000000f7021bc2        0xc gcc//storage/media_workspace/VIM/VIM4N_build/backup/SDK_202406/aml-comp/uboot/bl30/src_ao/demos/amlogic/driver/stick_mem//stick_mem.o
                0x00000000f7021bc2                get_stick_reboot_flag
 *fill*         0x00000000f7021bce        0x2 
 .rodata.stick_mem_read.str1.4
                0x00000000f7021bd0       0x1e gcc//storage/media_workspace/VIM/VIM4N_build/backup/SDK_202406/aml-comp/uboot/bl30/src_ao/demos/amlogic/driver/stick_mem//stick_mem.o
 *fill*         0x00000000f7021bee        0x2 
 .rodata.stick_mem_write.str1.4
                0x00000000f7021bf0       0x1f gcc//storage/media_workspace/VIM/VIM4N_build/backup/SDK_202406/aml-comp/uboot/bl30/src_ao/demos/amlogic/driver/stick_mem//stick_mem.o
 *fill*         0x00000000f7021c0f        0x1 
 .text.xMboxBL30PrintEn
                0x00000000f7021c10       0x12 gcc//storage/media_workspace/VIM/VIM4N_build/backup/SDK_202406/aml-comp/uboot/bl30/src_ao/demos/amlogic/driver/uart//uart.o
 .text.enable_bl30_print
                0x00000000f7021c22        0xa gcc//storage/media_workspace/VIM/VIM4N_build/backup/SDK_202406/aml-comp/uboot/bl30/src_ao/demos/amlogic/driver/uart//uart.o
                0x00000000f7021c22                enable_bl30_print
 .text.vBL30PrintControlInit
                0x00000000f7021c2c       0x14 gcc//storage/media_workspace/VIM/VIM4N_build/backup/SDK_202406/aml-comp/uboot/bl30/src_ao/demos/amlogic/driver/uart//uart.o
                0x00000000f7021c2c                vBL30PrintControlInit
 .text.vUartPutc
                0x00000000f7021c40       0x6e gcc//storage/media_workspace/VIM/VIM4N_build/backup/SDK_202406/aml-comp/uboot/bl30/src_ao/demos/amlogic/driver/uart//uart.o
                0x00000000f7021c40                vUartPutc
 .text.vUartPuts
                0x00000000f7021cae       0x20 gcc//storage/media_workspace/VIM/VIM4N_build/backup/SDK_202406/aml-comp/uboot/bl30/src_ao/demos/amlogic/driver/uart//uart.o
                0x00000000f7021cae                vUartPuts
 .text.xMboxSetRTC
                0x00000000f7021cce       0x22 gcc//storage/media_workspace/VIM/VIM4N_build/backup/SDK_202406/aml-comp/uboot/bl30/src_ao/demos/amlogic/driver/vrtc//vrtc.o
                0x00000000f7021cce                xMboxSetRTC
 .text.xMboxGetRTC
                0x00000000f7021cf0       0x36 gcc//storage/media_workspace/VIM/VIM4N_build/backup/SDK_202406/aml-comp/uboot/bl30/src_ao/demos/amlogic/driver/vrtc//vrtc.o
                0x00000000f7021cf0                xMboxGetRTC
 .text.valarm_update
                0x00000000f7021d26       0x36 gcc//storage/media_workspace/VIM/VIM4N_build/backup/SDK_202406/aml-comp/uboot/bl30/src_ao/demos/amlogic/driver/vrtc//vrtc.o
 .text.vRTC_update
                0x00000000f7021d5c       0x42 gcc//storage/media_workspace/VIM/VIM4N_build/backup/SDK_202406/aml-comp/uboot/bl30/src_ao/demos/amlogic/driver/vrtc//vrtc.o
                0x00000000f7021d5c                vRTC_update
 .text.vRtcInit
                0x00000000f7021d9e       0x70 gcc//storage/media_workspace/VIM/VIM4N_build/backup/SDK_202406/aml-comp/uboot/bl30/src_ao/demos/amlogic/driver/vrtc//vrtc.o
                0x00000000f7021d9e                vRtcInit
 .text.alarm_set
                0x00000000f7021e0e       0x5c gcc//storage/media_workspace/VIM/VIM4N_build/backup/SDK_202406/aml-comp/uboot/bl30/src_ao/demos/amlogic/driver/vrtc//vrtc.o
                0x00000000f7021e0e                alarm_set
 .text.alarm_clr
                0x00000000f7021e6a       0x1a gcc//storage/media_workspace/VIM/VIM4N_build/backup/SDK_202406/aml-comp/uboot/bl30/src_ao/demos/amlogic/driver/vrtc//vrtc.o
                0x00000000f7021e6a                alarm_clr
 .text.vCreat_alarm_timer
                0x00000000f7021e84       0x2e gcc//storage/media_workspace/VIM/VIM4N_build/backup/SDK_202406/aml-comp/uboot/bl30/src_ao/demos/amlogic/driver/vrtc//vrtc.o
                0x00000000f7021e84                vCreat_alarm_timer
 *fill*         0x00000000f7021eb2        0x2 
 .rodata.alarm_set.str1.4
                0x00000000f7021eb4       0x16 gcc//storage/media_workspace/VIM/VIM4N_build/backup/SDK_202406/aml-comp/uboot/bl30/src_ao/demos/amlogic/driver/vrtc//vrtc.o
 .rodata.vCreat_alarm_timer.str1.4
                0x00000000f7021eca       0x16 gcc//storage/media_workspace/VIM/VIM4N_build/backup/SDK_202406/aml-comp/uboot/bl30/src_ao/demos/amlogic/driver/vrtc//vrtc.o
                                          0x6 (size before relaxing)
 *fill*         0x00000000f7021eca        0x2 
 .rodata.vRtcInit.str1.4
                0x00000000f7021ecc       0x23 gcc//storage/media_workspace/VIM/VIM4N_build/backup/SDK_202406/aml-comp/uboot/bl30/src_ao/demos/amlogic/driver/vrtc//vrtc.o
 *fill*         0x00000000f7021eef        0x1 
 .rodata.valarm_update.str1.4
                0x00000000f7021ef0       0x20 gcc//storage/media_workspace/VIM/VIM4N_build/backup/SDK_202406/aml-comp/uboot/bl30/src_ao/demos/amlogic/driver/vrtc//vrtc.o
 .text.prvETHSetWol
                0x00000000f7021f10        0xe gcc//storage/media_workspace/VIM/VIM4N_build/backup/SDK_202406/aml-comp/uboot/bl30/src_ao/demos/amlogic/driver/eth//eth.o
 .text.eth_handler
                0x00000000f7021f1e       0x28 gcc//storage/media_workspace/VIM/VIM4N_build/backup/SDK_202406/aml-comp/uboot/bl30/src_ao/demos/amlogic/driver/eth//eth.o
                0x00000000f7021f1e                eth_handler
 .text.vETHInit
                0x00000000f7021f46       0x10 gcc//storage/media_workspace/VIM/VIM4N_build/backup/SDK_202406/aml-comp/uboot/bl30/src_ao/demos/amlogic/driver/eth//eth.o
                0x00000000f7021f46                vETHInit
 .text.vETHDeint
                0x00000000f7021f56       0x20 gcc//storage/media_workspace/VIM/VIM4N_build/backup/SDK_202406/aml-comp/uboot/bl30/src_ao/demos/amlogic/driver/eth//eth.o
                0x00000000f7021f56                vETHDeint
 .text.get_ETHWol_flag
                0x00000000f7021f76        0xc gcc//storage/media_workspace/VIM/VIM4N_build/backup/SDK_202406/aml-comp/uboot/bl30/src_ao/demos/amlogic/driver/eth//eth.o
                0x00000000f7021f76                get_ETHWol_flag
 .text.vETHMailboxCallback
                0x00000000f7021f82       0x36 gcc//storage/media_workspace/VIM/VIM4N_build/backup/SDK_202406/aml-comp/uboot/bl30/src_ao/demos/amlogic/driver/eth//eth.o
                0x00000000f7021f82                vETHMailboxCallback
 .rodata.vETHMailboxCallback.str1.4
                0x00000000f7021fb8       0x20 gcc//storage/media_workspace/VIM/VIM4N_build/backup/SDK_202406/aml-comp/uboot/bl30/src_ao/demos/amlogic/driver/eth//eth.o
 .text.prvPwmRegWrite
                0x00000000f7021fd8       0x6a gcc//storage/media_workspace/VIM/VIM4N_build/backup/SDK_202406/aml-comp/uboot/bl30/src_ao/demos/amlogic/driver/pwm//pwm_meson_v2.o
 .text.vPwmConstantDisable
                0x00000000f7022042       0x42 gcc//storage/media_workspace/VIM/VIM4N_build/backup/SDK_202406/aml-comp/uboot/bl30/src_ao/demos/amlogic/driver/pwm//pwm_meson_v2.o
                0x00000000f7022042                vPwmConstantDisable
 .text.vPwmConstantEnable
                0x00000000f7022084       0x46 gcc//storage/media_workspace/VIM/VIM4N_build/backup/SDK_202406/aml-comp/uboot/bl30/src_ao/demos/amlogic/driver/pwm//pwm_meson_v2.o
                0x00000000f7022084                vPwmConstantEnable
 .text.xPwmMesonConfig
                0x00000000f70220ca      0x2d8 gcc//storage/media_workspace/VIM/VIM4N_build/backup/SDK_202406/aml-comp/uboot/bl30/src_ao/demos/amlogic/driver/pwm//pwm_meson_v2.o
                0x00000000f70220ca                xPwmMesonConfig
 .text.vPwmMesonDisable
                0x00000000f70223a2       0x52 gcc//storage/media_workspace/VIM/VIM4N_build/backup/SDK_202406/aml-comp/uboot/bl30/src_ao/demos/amlogic/driver/pwm//pwm_meson_v2.o
                0x00000000f70223a2                vPwmMesonDisable
 .text.vPwmMesonEnable
                0x00000000f70223f4       0x56 gcc//storage/media_workspace/VIM/VIM4N_build/backup/SDK_202406/aml-comp/uboot/bl30/src_ao/demos/amlogic/driver/pwm//pwm_meson_v2.o
                0x00000000f70223f4                vPwmMesonEnable
 .text.vPwmMesonSetTimes
                0x00000000f702244a       0x5c gcc//storage/media_workspace/VIM/VIM4N_build/backup/SDK_202406/aml-comp/uboot/bl30/src_ao/demos/amlogic/driver/pwm//pwm_meson_v2.o
                0x00000000f702244a                vPwmMesonSetTimes
 .text.vPwmMesonSetBlinkTimes
                0x00000000f70224a6       0x38 gcc//storage/media_workspace/VIM/VIM4N_build/backup/SDK_202406/aml-comp/uboot/bl30/src_ao/demos/amlogic/driver/pwm//pwm_meson_v2.o
                0x00000000f70224a6                vPwmMesonSetBlinkTimes
 .text.vPwmMesonBlinkEnable
                0x00000000f70224de       0x3c gcc//storage/media_workspace/VIM/VIM4N_build/backup/SDK_202406/aml-comp/uboot/bl30/src_ao/demos/amlogic/driver/pwm//pwm_meson_v2.o
                0x00000000f70224de                vPwmMesonBlinkEnable
 .text.vPwmMesonBlinkDisable
                0x00000000f702251a       0x3a gcc//storage/media_workspace/VIM/VIM4N_build/backup/SDK_202406/aml-comp/uboot/bl30/src_ao/demos/amlogic/driver/pwm//pwm_meson_v2.o
                0x00000000f702251a                vPwmMesonBlinkDisable
 .text.xPwmMesonIsBlinkComplete
                0x00000000f7022554       0x3a gcc//storage/media_workspace/VIM/VIM4N_build/backup/SDK_202406/aml-comp/uboot/bl30/src_ao/demos/amlogic/driver/pwm//pwm_meson_v2.o
                0x00000000f7022554                xPwmMesonIsBlinkComplete
 .text.xPwmMesonChannelApply
                0x00000000f702258e       0xa6 gcc//storage/media_workspace/VIM/VIM4N_build/backup/SDK_202406/aml-comp/uboot/bl30/src_ao/demos/amlogic/driver/pwm//pwm_meson_v2.o
                0x00000000f702258e                xPwmMesonChannelApply
 .text.vPwmMesonChannelFree
                0x00000000f7022634       0x2a gcc//storage/media_workspace/VIM/VIM4N_build/backup/SDK_202406/aml-comp/uboot/bl30/src_ao/demos/amlogic/driver/pwm//pwm_meson_v2.o
                0x00000000f7022634                vPwmMesonChannelFree
 .text.vPwmMesonSetVoltage
                0x00000000f702265e      0x186 gcc//storage/media_workspace/VIM/VIM4N_build/backup/SDK_202406/aml-comp/uboot/bl30/src_ao/demos/amlogic/driver/pwm//pwm_meson_v2.o
                0x00000000f702265e                vPwmMesonSetVoltage
 .text.vPwmMesonGetVoltage
                0x00000000f70227e4       0xf6 gcc//storage/media_workspace/VIM/VIM4N_build/backup/SDK_202406/aml-comp/uboot/bl30/src_ao/demos/amlogic/driver/pwm//pwm_meson_v2.o
                0x00000000f70227e4                vPwmMesonGetVoltage
 *fill*         0x00000000f70228da        0x2 
 .rodata.__func__.2245
                0x00000000f70228dc       0x14 gcc//storage/media_workspace/VIM/VIM4N_build/backup/SDK_202406/aml-comp/uboot/bl30/src_ao/demos/amlogic/driver/pwm//pwm_meson_v2.o
 .rodata.__func__.2256
                0x00000000f70228f0       0x13 gcc//storage/media_workspace/VIM/VIM4N_build/backup/SDK_202406/aml-comp/uboot/bl30/src_ao/demos/amlogic/driver/pwm//pwm_meson_v2.o
 *fill*         0x00000000f7022903        0x1 
 .rodata.__func__.2269
                0x00000000f7022904       0x12 gcc//storage/media_workspace/VIM/VIM4N_build/backup/SDK_202406/aml-comp/uboot/bl30/src_ao/demos/amlogic/driver/pwm//pwm_meson_v2.o
 *fill*         0x00000000f7022916        0x2 
 .rodata.__func__.2279
                0x00000000f7022918       0x14 gcc//storage/media_workspace/VIM/VIM4N_build/backup/SDK_202406/aml-comp/uboot/bl30/src_ao/demos/amlogic/driver/pwm//pwm_meson_v2.o
 .rodata.__func__.2330
                0x00000000f702292c       0x10 gcc//storage/media_workspace/VIM/VIM4N_build/backup/SDK_202406/aml-comp/uboot/bl30/src_ao/demos/amlogic/driver/pwm//pwm_meson_v2.o
 .rodata.__func__.2341
                0x00000000f702293c       0x11 gcc//storage/media_workspace/VIM/VIM4N_build/backup/SDK_202406/aml-comp/uboot/bl30/src_ao/demos/amlogic/driver/pwm//pwm_meson_v2.o
 *fill*         0x00000000f702294d        0x3 
 .rodata.__func__.2352
                0x00000000f7022950       0x10 gcc//storage/media_workspace/VIM/VIM4N_build/backup/SDK_202406/aml-comp/uboot/bl30/src_ao/demos/amlogic/driver/pwm//pwm_meson_v2.o
 .rodata.__func__.2364
                0x00000000f7022960       0x12 gcc//storage/media_workspace/VIM/VIM4N_build/backup/SDK_202406/aml-comp/uboot/bl30/src_ao/demos/amlogic/driver/pwm//pwm_meson_v2.o
 *fill*         0x00000000f7022972        0x2 
 .rodata.__func__.2374
                0x00000000f7022974       0x17 gcc//storage/media_workspace/VIM/VIM4N_build/backup/SDK_202406/aml-comp/uboot/bl30/src_ao/demos/amlogic/driver/pwm//pwm_meson_v2.o
 *fill*         0x00000000f702298b        0x1 
 .rodata.__func__.2383
                0x00000000f702298c       0x15 gcc//storage/media_workspace/VIM/VIM4N_build/backup/SDK_202406/aml-comp/uboot/bl30/src_ao/demos/amlogic/driver/pwm//pwm_meson_v2.o
 *fill*         0x00000000f70229a1        0x3 
 .rodata.__func__.2392
                0x00000000f70229a4       0x16 gcc//storage/media_workspace/VIM/VIM4N_build/backup/SDK_202406/aml-comp/uboot/bl30/src_ao/demos/amlogic/driver/pwm//pwm_meson_v2.o
 *fill*         0x00000000f70229ba        0x2 
 .rodata.__func__.2403
                0x00000000f70229bc       0x19 gcc//storage/media_workspace/VIM/VIM4N_build/backup/SDK_202406/aml-comp/uboot/bl30/src_ao/demos/amlogic/driver/pwm//pwm_meson_v2.o
 *fill*         0x00000000f70229d5        0x3 
 .rodata.vPwmConstantDisable.str1.4
                0x00000000f70229d8       0x16 gcc//storage/media_workspace/VIM/VIM4N_build/backup/SDK_202406/aml-comp/uboot/bl30/src_ao/demos/amlogic/driver/pwm//pwm_meson_v2.o
 *fill*         0x00000000f70229ee        0x2 
 .rodata.vPwmMesonChannelFree.str1.4
                0x00000000f70229f0       0x1d gcc//storage/media_workspace/VIM/VIM4N_build/backup/SDK_202406/aml-comp/uboot/bl30/src_ao/demos/amlogic/driver/pwm//pwm_meson_v2.o
 *fill*         0x00000000f7022a0d        0x3 
 .rodata.vPwmMesonGetVoltage.str1.4
                0x00000000f7022a10       0x2b gcc//storage/media_workspace/VIM/VIM4N_build/backup/SDK_202406/aml-comp/uboot/bl30/src_ao/demos/amlogic/driver/pwm//pwm_meson_v2.o
 *fill*         0x00000000f7022a3b        0x1 
 .rodata.vPwmMesonSetVoltage.str1.4
                0x00000000f7022a3c      0x10f gcc//storage/media_workspace/VIM/VIM4N_build/backup/SDK_202406/aml-comp/uboot/bl30/src_ao/demos/amlogic/driver/pwm//pwm_meson_v2.o
 *fill*         0x00000000f7022b4b        0x1 
 .rodata.xPwmMesonChannelApply.str1.4
                0x00000000f7022b4c       0x96 gcc//storage/media_workspace/VIM/VIM4N_build/backup/SDK_202406/aml-comp/uboot/bl30/src_ao/demos/amlogic/driver/pwm//pwm_meson_v2.o
 *fill*         0x00000000f7022be2        0x2 
 .rodata.xPwmMesonConfig.str1.4
                0x00000000f7022be4       0x76 gcc//storage/media_workspace/VIM/VIM4N_build/backup/SDK_202406/aml-comp/uboot/bl30/src_ao/demos/amlogic/driver/pwm//pwm_meson_v2.o
 .text.prvMesonVoltToPwmChip
                0x00000000f7022c5a       0x1a gcc//storage/media_workspace/VIM/VIM4N_build/backup/SDK_202406/aml-comp/uboot/bl30/src_ao/demos/amlogic/driver/pwm//pwm_t7_plat.o
                0x00000000f7022c5a                prvMesonVoltToPwmChip
 .text.prvMesonVoltToPwmChannel
                0x00000000f7022c74       0x22 gcc//storage/media_workspace/VIM/VIM4N_build/backup/SDK_202406/aml-comp/uboot/bl30/src_ao/demos/amlogic/driver/pwm//pwm_t7_plat.o
                0x00000000f7022c74                prvMesonVoltToPwmChannel
 .text.vPwmMesonGetVoltTable
                0x00000000f7022c96       0x2c gcc//storage/media_workspace/VIM/VIM4N_build/backup/SDK_202406/aml-comp/uboot/bl30/src_ao/demos/amlogic/driver/pwm//pwm_t7_plat.o
                0x00000000f7022c96                vPwmMesonGetVoltTable
 .text.vPwmMesonGetVoltTableSize
                0x00000000f7022cc2       0x26 gcc//storage/media_workspace/VIM/VIM4N_build/backup/SDK_202406/aml-comp/uboot/bl30/src_ao/demos/amlogic/driver/pwm//pwm_t7_plat.o
                0x00000000f7022cc2                vPwmMesonGetVoltTableSize
 .text.prvIdToPwmChip
                0x00000000f7022ce8       0x2c gcc//storage/media_workspace/VIM/VIM4N_build/backup/SDK_202406/aml-comp/uboot/bl30/src_ao/demos/amlogic/driver/pwm//pwm_t7_plat.o
                0x00000000f7022ce8                prvIdToPwmChip
 .rodata.CSWTCH.1
                0x00000000f7022d14       0x18 gcc//storage/media_workspace/VIM/VIM4N_build/backup/SDK_202406/aml-comp/uboot/bl30/src_ao/demos/amlogic/driver/pwm//pwm_t7_plat.o
 .rodata.prvIdToPwmChip.str1.4
                0x00000000f7022d2c       0x19 gcc//storage/media_workspace/VIM/VIM4N_build/backup/SDK_202406/aml-comp/uboot/bl30/src_ao/demos/amlogic/driver/pwm//pwm_t7_plat.o
 .text.vBTWakeup
                0x00000000f7022d2c       0x1e gcc//storage/media_workspace/VIM/VIM4N_build/backup/SDK_202406/aml-comp/uboot/bl30/src_ao/demos/amlogic/driver/wifi_bt//wifi_bt_wake.o
 .text.bt_wakeup_task
                0x00000000f7022d4a      0x12e gcc//storage/media_workspace/VIM/VIM4N_build/backup/SDK_202406/aml-comp/uboot/bl30/src_ao/demos/amlogic/driver/wifi_bt//wifi_bt_wake.o
 .text.wifi_bt_wakeup_init
                0x00000000f7022e78       0x54 gcc//storage/media_workspace/VIM/VIM4N_build/backup/SDK_202406/aml-comp/uboot/bl30/src_ao/demos/amlogic/driver/wifi_bt//wifi_bt_wake.o
                0x00000000f7022e78                wifi_bt_wakeup_init
 .text.wifi_bt_wakeup_deinit
                0x00000000f7022ecc       0x2e gcc//storage/media_workspace/VIM/VIM4N_build/backup/SDK_202406/aml-comp/uboot/bl30/src_ao/demos/amlogic/driver/wifi_bt//wifi_bt_wake.o
                0x00000000f7022ecc                wifi_bt_wakeup_deinit
 *fill*         0x00000000f7022efa        0x2 
 .rodata.__func__.2458
                0x00000000f7022efc       0x16 gcc//storage/media_workspace/VIM/VIM4N_build/backup/SDK_202406/aml-comp/uboot/bl30/src_ao/demos/amlogic/driver/wifi_bt//wifi_bt_wake.o
 *fill*         0x00000000f7022f12        0x2 
 .rodata.__func__.2465
                0x00000000f7022f14       0x11 gcc//storage/media_workspace/VIM/VIM4N_build/backup/SDK_202406/aml-comp/uboot/bl30/src_ao/demos/amlogic/driver/wifi_bt//wifi_bt_wake.o
 *fill*         0x00000000f7022f25        0x3 
 .rodata.__func__.2483
                0x00000000f7022f28        0xf gcc//storage/media_workspace/VIM/VIM4N_build/backup/SDK_202406/aml-comp/uboot/bl30/src_ao/demos/amlogic/driver/wifi_bt//wifi_bt_wake.o
 *fill*         0x00000000f7022f37        0x1 
 .rodata.bt_wakeup_task.str1.4
                0x00000000f7022f38       0x86 gcc//storage/media_workspace/VIM/VIM4N_build/backup/SDK_202406/aml-comp/uboot/bl30/src_ao/demos/amlogic/driver/wifi_bt//wifi_bt_wake.o
 *fill*         0x00000000f7022fbe        0x2 
 .rodata.wifi_bt_wakeup_init.str1.4
                0x00000000f7022fc0       0x23 gcc//storage/media_workspace/VIM/VIM4N_build/backup/SDK_202406/aml-comp/uboot/bl30/src_ao/demos/amlogic/driver/wifi_bt//wifi_bt_wake.o
 *fill*         0x00000000f7022fe3        0x1 
 .text.xGpioSetDir
                0x00000000f7022fe4       0xc6 gcc//storage/media_workspace/VIM/VIM4N_build/backup/SDK_202406/aml-comp/uboot/bl30/src_ao/demos/amlogic/driver/gpio//gpio.o
                0x00000000f7022fe4                xGpioSetDir
 .text.xGpioSetValue
                0x00000000f70230aa       0xc6 gcc//storage/media_workspace/VIM/VIM4N_build/backup/SDK_202406/aml-comp/uboot/bl30/src_ao/demos/amlogic/driver/gpio//gpio.o
                0x00000000f70230aa                xGpioSetValue
 .text.xGpioGetValue
                0x00000000f7023170       0x3c gcc//storage/media_workspace/VIM/VIM4N_build/backup/SDK_202406/aml-comp/uboot/bl30/src_ao/demos/amlogic/driver/gpio//gpio.o
                0x00000000f7023170                xGpioGetValue
 .text.xPinconfSet
                0x00000000f70231ac      0x20e gcc//storage/media_workspace/VIM/VIM4N_build/backup/SDK_202406/aml-comp/uboot/bl30/src_ao/demos/amlogic/driver/gpio//gpio.o
                0x00000000f70231ac                xPinconfSet
 .text.xPinmuxSet
                0x00000000f70233ba       0xd2 gcc//storage/media_workspace/VIM/VIM4N_build/backup/SDK_202406/aml-comp/uboot/bl30/src_ao/demos/amlogic/driver/gpio//gpio.o
                0x00000000f70233ba                xPinmuxSet
 *fill*         0x00000000f702348c        0x0 
 .rodata.xGpioSetDir.str1.4
                0x00000000f702348c       0x2b gcc//storage/media_workspace/VIM/VIM4N_build/backup/SDK_202406/aml-comp/uboot/bl30/src_ao/demos/amlogic/driver/gpio//gpio.o
 *fill*         0x00000000f70234b7        0x1 
 .rodata.xGpioSetValue.str1.4
                0x00000000f70234b8       0x2e gcc//storage/media_workspace/VIM/VIM4N_build/backup/SDK_202406/aml-comp/uboot/bl30/src_ao/demos/amlogic/driver/gpio//gpio.o
 *fill*         0x00000000f70234e6        0x2 
 .rodata.xPinmuxSet.str1.4
                0x00000000f70234e8       0x27 gcc//storage/media_workspace/VIM/VIM4N_build/backup/SDK_202406/aml-comp/uboot/bl30/src_ao/demos/amlogic/driver/gpio//gpio.o
 *fill*         0x00000000f702350f        0x1 
 .text.prvFreeParentIRQ
                0x00000000f7023510       0x88 gcc//storage/media_workspace/VIM/VIM4N_build/backup/SDK_202406/aml-comp/uboot/bl30/src_ao/demos/amlogic/driver/gpio//gpio_irq.o
 .text.vGpioIRQInit
                0x00000000f7023598       0x14 gcc//storage/media_workspace/VIM/VIM4N_build/backup/SDK_202406/aml-comp/uboot/bl30/src_ao/demos/amlogic/driver/gpio//gpio_irq.o
                0x00000000f7023598                vGpioIRQInit
 .text.xRequestGpioIRQ
                0x00000000f70235ac      0x12c gcc//storage/media_workspace/VIM/VIM4N_build/backup/SDK_202406/aml-comp/uboot/bl30/src_ao/demos/amlogic/driver/gpio//gpio_irq.o
                0x00000000f70235ac                xRequestGpioIRQ
 .text.vFreeGpioIRQ
                0x00000000f70236d8        0x2 gcc//storage/media_workspace/VIM/VIM4N_build/backup/SDK_202406/aml-comp/uboot/bl30/src_ao/demos/amlogic/driver/gpio//gpio_irq.o
                0x00000000f70236d8                vFreeGpioIRQ
 .text.vEnableGpioIRQ
                0x00000000f70236da       0x7a gcc//storage/media_workspace/VIM/VIM4N_build/backup/SDK_202406/aml-comp/uboot/bl30/src_ao/demos/amlogic/driver/gpio//gpio_irq.o
                0x00000000f70236da                vEnableGpioIRQ
 .text.vDisableGpioIRQ
                0x00000000f7023754       0x66 gcc//storage/media_workspace/VIM/VIM4N_build/backup/SDK_202406/aml-comp/uboot/bl30/src_ao/demos/amlogic/driver/gpio//gpio_irq.o
                0x00000000f7023754                vDisableGpioIRQ
 .text.vRestoreGpioIrqReg
                0x00000000f70237ba       0x24 gcc//storage/media_workspace/VIM/VIM4N_build/backup/SDK_202406/aml-comp/uboot/bl30/src_ao/demos/amlogic/driver/gpio//gpio_irq.o
                0x00000000f70237ba                vRestoreGpioIrqReg
 .text.vBackupAndClearGpioIrqReg
                0x00000000f70237de       0x48 gcc//storage/media_workspace/VIM/VIM4N_build/backup/SDK_202406/aml-comp/uboot/bl30/src_ao/demos/amlogic/driver/gpio//gpio_irq.o
                0x00000000f70237de                vBackupAndClearGpioIrqReg
 *fill*         0x00000000f7023826        0x2 
 .rodata.xRequestGpioIRQ.str1.4
                0x00000000f7023828       0xb6 gcc//storage/media_workspace/VIM/VIM4N_build/backup/SDK_202406/aml-comp/uboot/bl30/src_ao/demos/amlogic/driver/gpio//gpio_irq.o
 .text.pGetGpioBank
                0x00000000f70238de        0xa gcc//storage/media_workspace/VIM/VIM4N_build/backup/SDK_202406/aml-comp/uboot/bl30/src_ao/demos/amlogic/driver/gpio//gpio_t7_plat.o
                0x00000000f70238de                pGetGpioBank
 .text.pGetGpioIrqBank
                0x00000000f70238e8        0xa gcc//storage/media_workspace/VIM/VIM4N_build/backup/SDK_202406/aml-comp/uboot/bl30/src_ao/demos/amlogic/driver/gpio//gpio_t7_plat.o
                0x00000000f70238e8                pGetGpioIrqBank
 .text.prvGpioPlatIrqSetup
                0x00000000f70238f2       0xca gcc//storage/media_workspace/VIM/VIM4N_build/backup/SDK_202406/aml-comp/uboot/bl30/src_ao/demos/amlogic/driver/gpio//gpio_t7_plat.o
                0x00000000f70238f2                prvGpioPlatIrqSetup
 .rodata.eeDomain
                0x00000000f70239bc       0x18 gcc//storage/media_workspace/VIM/VIM4N_build/backup/SDK_202406/aml-comp/uboot/bl30/src_ao/demos/amlogic/driver/gpio//gpio_t7_plat.o
 .rodata.gpioBanks
                0x00000000f70239d4      0x150 gcc//storage/media_workspace/VIM/VIM4N_build/backup/SDK_202406/aml-comp/uboot/bl30/src_ao/demos/amlogic/driver/gpio//gpio_t7_plat.o
 .rodata.irqBanks
                0x00000000f7023b24       0x90 gcc//storage/media_workspace/VIM/VIM4N_build/backup/SDK_202406/aml-comp/uboot/bl30/src_ao/demos/amlogic/driver/gpio//gpio_t7_plat.o
 .rodata.str1.4
                0x00000000f7023bb4       0x37 gcc//storage/media_workspace/VIM/VIM4N_build/backup/SDK_202406/aml-comp/uboot/bl30/src_ao/demos/amlogic/driver/gpio//gpio_t7_plat.o
 *fill*         0x00000000f7023beb        0x1 
 .text.xMboxBL30VersionSave
                0x00000000f7023bec       0xd8 gcc//storage/media_workspace/VIM/VIM4N_build/backup/SDK_202406/aml-comp/uboot/bl30/src_ao/demos/amlogic/driver/get_version//version.o
 .text.version  0x00000000f7023cc4       0x20 gcc//storage/media_workspace/VIM/VIM4N_build/backup/SDK_202406/aml-comp/uboot/bl30/src_ao/demos/amlogic/driver/get_version//version.o
                0x00000000f7023cc4                version
 .text.bl30_plat_save_version
                0x00000000f7023ce4       0x40 gcc//storage/media_workspace/VIM/VIM4N_build/backup/SDK_202406/aml-comp/uboot/bl30/src_ao/demos/amlogic/driver/get_version//version.o
                0x00000000f7023ce4                bl30_plat_save_version
 .rodata.bl30_plat_save_version.str1.4
                0x00000000f7023d24       0x37 gcc//storage/media_workspace/VIM/VIM4N_build/backup/SDK_202406/aml-comp/uboot/bl30/src_ao/demos/amlogic/driver/get_version//version.o
                                         0x1d (size before relaxing)
 .rodata.version.str1.4
                0x00000000f7023d24       0x1a gcc//storage/media_workspace/VIM/VIM4N_build/backup/SDK_202406/aml-comp/uboot/bl30/src_ao/demos/amlogic/driver/get_version//version.o
 *fill*         0x00000000f7023d3e        0x2 
 .rodata.xMboxBL30VersionSave.str1.4
                0x00000000f7023d40       0x9a gcc//storage/media_workspace/VIM/VIM4N_build/backup/SDK_202406/aml-comp/uboot/bl30/src_ao/demos/amlogic/driver/get_version//version.o
 .text.mailbox_htbl_init
                0x00000000f7023dda       0x3a gcc//storage/media_workspace/VIM/VIM4N_build/backup/SDK_202406/aml-comp/uboot/bl30/src_ao/demos/amlogic/driver/mailbox//mailbox-htbl.o
                0x00000000f7023dda                mailbox_htbl_init
 .text.mailbox_htbl_reg_feedback
                0x00000000f7023e14       0x46 gcc//storage/media_workspace/VIM/VIM4N_build/backup/SDK_202406/aml-comp/uboot/bl30/src_ao/demos/amlogic/driver/mailbox//mailbox-htbl.o
                0x00000000f7023e14                mailbox_htbl_reg_feedback
 .text.mailbox_htbl_invokeCmd
                0x00000000f7023e5a       0x5e gcc//storage/media_workspace/VIM/VIM4N_build/backup/SDK_202406/aml-comp/uboot/bl30/src_ao/demos/amlogic/driver/mailbox//mailbox-htbl.o
                0x00000000f7023e5a                mailbox_htbl_invokeCmd
 .rodata.mailbox_htbl_invokeCmd.str1.4
                0x00000000f7023eb8       0x17 gcc//storage/media_workspace/VIM/VIM4N_build/backup/SDK_202406/aml-comp/uboot/bl30/src_ao/demos/amlogic/driver/mailbox//mailbox-htbl.o
 *fill*         0x00000000f7023ecf        0x1 
 .rodata.mailbox_htbl_reg.str1.4
                0x00000000f7023ed0       0x4a gcc//storage/media_workspace/VIM/VIM4N_build/backup/SDK_202406/aml-comp/uboot/bl30/src_ao/demos/amlogic/driver/mailbox//mailbox-htbl.o
 .text.vMbDefaultHandler
                0x00000000f7023f1a        0x2 gcc//storage/media_workspace/VIM/VIM4N_build/backup/SDK_202406/aml-comp/uboot/bl30/src_ao/demos/amlogic/driver/mailbox//mailbox-irq.o
                0x00000000f7023f1a                vMbDefaultHandler
 .text.vSetMbIrqHandler
                0x00000000f7023f1c       0x3c gcc//storage/media_workspace/VIM/VIM4N_build/backup/SDK_202406/aml-comp/uboot/bl30/src_ao/demos/amlogic/driver/mailbox//mailbox-irq.o
                0x00000000f7023f1c                vSetMbIrqHandler
 .text.vEnableMbInterrupt
                0x00000000f7023f58        0x2 gcc//storage/media_workspace/VIM/VIM4N_build/backup/SDK_202406/aml-comp/uboot/bl30/src_ao/demos/amlogic/driver/mailbox//mailbox-irq.o
                0x00000000f7023f58                vEnableMbInterrupt
 .text.vDisableMbInterrupt
                0x00000000f7023f5a        0x2 gcc//storage/media_workspace/VIM/VIM4N_build/backup/SDK_202406/aml-comp/uboot/bl30/src_ao/demos/amlogic/driver/mailbox//mailbox-irq.o
                0x00000000f7023f5a                vDisableMbInterrupt
 .text.vClrMbInterrupt
                0x00000000f7023f5c        0xe gcc//storage/media_workspace/VIM/VIM4N_build/backup/SDK_202406/aml-comp/uboot/bl30/src_ao/demos/amlogic/driver/mailbox//mailbox-irq.o
                0x00000000f7023f5c                vClrMbInterrupt
 .text.xGetMbIrqStats
                0x00000000f7023f6a        0xe gcc//storage/media_workspace/VIM/VIM4N_build/backup/SDK_202406/aml-comp/uboot/bl30/src_ao/demos/amlogic/driver/mailbox//mailbox-irq.o
                0x00000000f7023f6a                xGetMbIrqStats
 .text.vMbHandleIsr
                0x00000000f7023f78       0x94 gcc//storage/media_workspace/VIM/VIM4N_build/backup/SDK_202406/aml-comp/uboot/bl30/src_ao/demos/amlogic/driver/mailbox//mailbox.o
 .text.vAoAckMbHandler
                0x00000000f702400c       0x42 gcc//storage/media_workspace/VIM/VIM4N_build/backup/SDK_202406/aml-comp/uboot/bl30/src_ao/demos/amlogic/driver/mailbox//mailbox.o
 .text.xGetRevMbox.part.0
                0x00000000f702404e       0x22 gcc//storage/media_workspace/VIM/VIM4N_build/backup/SDK_202406/aml-comp/uboot/bl30/src_ao/demos/amlogic/driver/mailbox//mailbox.o
 .text.vBuildPayload.part.1
                0x00000000f7024070       0x32 gcc//storage/media_workspace/VIM/VIM4N_build/backup/SDK_202406/aml-comp/uboot/bl30/src_ao/demos/amlogic/driver/mailbox//mailbox.o
 .text.vDspSyncTask
                0x00000000f70240a2      0x120 gcc//storage/media_workspace/VIM/VIM4N_build/backup/SDK_202406/aml-comp/uboot/bl30/src_ao/demos/amlogic/driver/mailbox//mailbox.o
 .text.vTeeSyncTask
                0x00000000f70241c2      0x126 gcc//storage/media_workspace/VIM/VIM4N_build/backup/SDK_202406/aml-comp/uboot/bl30/src_ao/demos/amlogic/driver/mailbox//mailbox.o
 .text.vReeSyncTask
                0x00000000f70242e8      0x12a gcc//storage/media_workspace/VIM/VIM4N_build/backup/SDK_202406/aml-comp/uboot/bl30/src_ao/demos/amlogic/driver/mailbox//mailbox.o
 .text.unlikely.xGetChan.part.2
                0x00000000f7024412       0x22 gcc//storage/media_workspace/VIM/VIM4N_build/backup/SDK_202406/aml-comp/uboot/bl30/src_ao/demos/amlogic/driver/mailbox//mailbox.o
 .text.vAoRevMbHandler
                0x00000000f7024434      0x2ac gcc//storage/media_workspace/VIM/VIM4N_build/backup/SDK_202406/aml-comp/uboot/bl30/src_ao/demos/amlogic/driver/mailbox//mailbox.o
 .text.vMbInit  0x00000000f70246e0      0x10c gcc//storage/media_workspace/VIM/VIM4N_build/backup/SDK_202406/aml-comp/uboot/bl30/src_ao/demos/amlogic/driver/mailbox//mailbox.o
                0x00000000f70246e0                vMbInit
 .text.xInstallRemoteMessageCallbackFeedBack
                0x00000000f70247ec       0x40 gcc//storage/media_workspace/VIM/VIM4N_build/backup/SDK_202406/aml-comp/uboot/bl30/src_ao/demos/amlogic/driver/mailbox//mailbox.o
                0x00000000f70247ec                xInstallRemoteMessageCallbackFeedBack
 *fill*         0x00000000f702482c        0x0 
 .rodata.vAoRevMbHandler.str1.4
                0x00000000f702482c       0x6f gcc//storage/media_workspace/VIM/VIM4N_build/backup/SDK_202406/aml-comp/uboot/bl30/src_ao/demos/amlogic/driver/mailbox//mailbox.o
 *fill*         0x00000000f702489b        0x1 
 .rodata.vMbInit.str1.4
                0x00000000f702489c       0x64 gcc//storage/media_workspace/VIM/VIM4N_build/backup/SDK_202406/aml-comp/uboot/bl30/src_ao/demos/amlogic/driver/mailbox//mailbox.o
 .rodata.xGetRevMbox.part.0.str1.4
                0x00000000f7024900       0x93 gcc//storage/media_workspace/VIM/VIM4N_build/backup/SDK_202406/aml-comp/uboot/bl30/src_ao/demos/amlogic/driver/mailbox//mailbox.o
 *fill*         0x00000000f7024993        0x1 
 .rodata.xInstallRemoteMessageCallbackFeedBack.str1.4
                0x00000000f7024994       0x7e gcc//storage/media_workspace/VIM/VIM4N_build/backup/SDK_202406/aml-comp/uboot/bl30/src_ao/demos/amlogic/driver/mailbox//mailbox.o
 .text.xMboxUintTeeTestCase
                0x00000000f7024a12       0x16 gcc//storage/media_workspace/VIM/VIM4N_build/backup/SDK_202406/aml-comp/uboot/bl30/src_ao/demos/amlogic/driver/mailbox//rpc-user.o
 .text.xMboxUintReeTestCase
                0x00000000f7024a28       0x82 gcc//storage/media_workspace/VIM/VIM4N_build/backup/SDK_202406/aml-comp/uboot/bl30/src_ao/demos/amlogic/driver/mailbox//rpc-user.o
 .text.vRpcUserCmdInit
                0x00000000f7024aaa       0x70 gcc//storage/media_workspace/VIM/VIM4N_build/backup/SDK_202406/aml-comp/uboot/bl30/src_ao/demos/amlogic/driver/mailbox//rpc-user.o
                0x00000000f7024aaa                vRpcUserCmdInit
 *fill*         0x00000000f7024b1a        0x2 
 .rodata        0x00000000f7024b1c       0x14 gcc//storage/media_workspace/VIM/VIM4N_build/backup/SDK_202406/aml-comp/uboot/bl30/src_ao/demos/amlogic/driver/mailbox//rpc-user.o
 .rodata.vRpcUserCmdInit.str1.4
                0x00000000f7024b30       0x23 gcc//storage/media_workspace/VIM/VIM4N_build/backup/SDK_202406/aml-comp/uboot/bl30/src_ao/demos/amlogic/driver/mailbox//rpc-user.o
 .rodata.xMboxUintReeTestCase.str1.4
                0x00000000f7024b30       0x27 gcc//storage/media_workspace/VIM/VIM4N_build/backup/SDK_202406/aml-comp/uboot/bl30/src_ao/demos/amlogic/driver/mailbox//rpc-user.o
 *fill*         0x00000000f7024b57        0x1 
 .rodata.xMboxUintTeeTestCase.str1.4
                0x00000000f7024b58       0x14 gcc//storage/media_workspace/VIM/VIM4N_build/backup/SDK_202406/aml-comp/uboot/bl30/src_ao/demos/amlogic/driver/mailbox//rpc-user.o
                                         0x1c (size before relaxing)
 .text.prvPwmLedBlinkTimes.constprop.17
                0x00000000f7024b6c       0x9a gcc//storage/media_workspace/VIM/VIM4N_build/backup/SDK_202406/aml-comp/uboot/bl30/src_ao/demos/amlogic/driver/leds//leds_state.o
 .text.prvPwmLedSetBrightness.constprop.18
                0x00000000f7024c06       0x48 gcc//storage/media_workspace/VIM/VIM4N_build/backup/SDK_202406/aml-comp/uboot/bl30/src_ao/demos/amlogic/driver/leds//leds_state.o
 .text.prvStickMemLedWrite.constprop.19
                0x00000000f7024c4e       0x72 gcc//storage/media_workspace/VIM/VIM4N_build/backup/SDK_202406/aml-comp/uboot/bl30/src_ao/demos/amlogic/driver/leds//leds_state.o
 .text.prvStickMemLedRead.constprop.20
                0x00000000f7024cc0       0x64 gcc//storage/media_workspace/VIM/VIM4N_build/backup/SDK_202406/aml-comp/uboot/bl30/src_ao/demos/amlogic/driver/leds//leds_state.o
 .text.prvGetLedBlinkHigh.constprop.14
                0x00000000f7024d24       0x32 gcc//storage/media_workspace/VIM/VIM4N_build/backup/SDK_202406/aml-comp/uboot/bl30/src_ao/demos/amlogic/driver/leds//leds_state.o
 .text.prvGetLedBlinkLow.constprop.12
                0x00000000f7024d56       0x32 gcc//storage/media_workspace/VIM/VIM4N_build/backup/SDK_202406/aml-comp/uboot/bl30/src_ao/demos/amlogic/driver/leds//leds_state.o
 .text.prvGetLedBlinkTimes.constprop.10
                0x00000000f7024d88       0x32 gcc//storage/media_workspace/VIM/VIM4N_build/backup/SDK_202406/aml-comp/uboot/bl30/src_ao/demos/amlogic/driver/leds//leds_state.o
 .text.vPrintLedsStatus
                0x00000000f7024dba      0x2ac gcc//storage/media_workspace/VIM/VIM4N_build/backup/SDK_202406/aml-comp/uboot/bl30/src_ao/demos/amlogic/driver/leds//leds_state.o
 *fill*         0x00000000f7025066        0x2 
 .rodata.vPrintLedsStatus
                0x00000000f7025068       0x24 gcc//storage/media_workspace/VIM/VIM4N_build/backup/SDK_202406/aml-comp/uboot/bl30/src_ao/demos/amlogic/driver/leds//leds_state.o
 .text.xLedsStateSetBlinkBreath
                0x00000000f702508c       0xba gcc//storage/media_workspace/VIM/VIM4N_build/backup/SDK_202406/aml-comp/uboot/bl30/src_ao/demos/amlogic/driver/leds//leds_state.o
                0x00000000f702508c                xLedsStateSetBlinkBreath
 .text.xLedsStateSetBlinkOn
                0x00000000f7025146       0xba gcc//storage/media_workspace/VIM/VIM4N_build/backup/SDK_202406/aml-comp/uboot/bl30/src_ao/demos/amlogic/driver/leds//leds_state.o
                0x00000000f7025146                xLedsStateSetBlinkOn
 .text.xLedsStateSetBlinkOff
                0x00000000f7025200       0xba gcc//storage/media_workspace/VIM/VIM4N_build/backup/SDK_202406/aml-comp/uboot/bl30/src_ao/demos/amlogic/driver/leds//leds_state.o
                0x00000000f7025200                xLedsStateSetBlinkOff
 .text.xLedsStateSetBreath
                0x00000000f70252ba       0x4a gcc//storage/media_workspace/VIM/VIM4N_build/backup/SDK_202406/aml-comp/uboot/bl30/src_ao/demos/amlogic/driver/leds//leds_state.o
                0x00000000f70252ba                xLedsStateSetBreath
 .text.xLedsStateSetBrightness
                0x00000000f7025304       0x46 gcc//storage/media_workspace/VIM/VIM4N_build/backup/SDK_202406/aml-comp/uboot/bl30/src_ao/demos/amlogic/driver/leds//leds_state.o
                0x00000000f7025304                xLedsStateSetBrightness
 .text.prvLedGetInfo
                0x00000000f702534a       0x8e gcc//storage/media_workspace/VIM/VIM4N_build/backup/SDK_202406/aml-comp/uboot/bl30/src_ao/demos/amlogic/driver/leds//leds_state.o
 .rodata.prvLedGetInfo
                0x00000000f70253d8       0x18 gcc//storage/media_workspace/VIM/VIM4N_build/backup/SDK_202406/aml-comp/uboot/bl30/src_ao/demos/amlogic/driver/leds//leds_state.o
 .text.xLedsStateInit
                0x00000000f70253f0      0x124 gcc//storage/media_workspace/VIM/VIM4N_build/backup/SDK_202406/aml-comp/uboot/bl30/src_ao/demos/amlogic/driver/leds//leds_state.o
                0x00000000f70253f0                xLedsStateInit
 .rodata.prvGetLedBlinkHigh.constprop.14.str1.4
                0x00000000f7025514       0x2f gcc//storage/media_workspace/VIM/VIM4N_build/backup/SDK_202406/aml-comp/uboot/bl30/src_ao/demos/amlogic/driver/leds//leds_state.o
 *fill*         0x00000000f7025543        0x1 
 .rodata.prvGetLedBlinkLow.constprop.12.str1.4
                0x00000000f7025544       0x2e gcc//storage/media_workspace/VIM/VIM4N_build/backup/SDK_202406/aml-comp/uboot/bl30/src_ao/demos/amlogic/driver/leds//leds_state.o
 *fill*         0x00000000f7025572        0x2 
 .rodata.prvGetLedBlinkTimes.constprop.10.str1.4
                0x00000000f7025574       0x30 gcc//storage/media_workspace/VIM/VIM4N_build/backup/SDK_202406/aml-comp/uboot/bl30/src_ao/demos/amlogic/driver/leds//leds_state.o
 .rodata.prvStickMemLedWrite.constprop.19.str1.4
                0x00000000f70255a4       0x2d gcc//storage/media_workspace/VIM/VIM4N_build/backup/SDK_202406/aml-comp/uboot/bl30/src_ao/demos/amlogic/driver/leds//leds_state.o
 *fill*         0x00000000f70255d1        0x3 
 .rodata.vPrintLedsStatus.str1.4
                0x00000000f70255d4       0x82 gcc//storage/media_workspace/VIM/VIM4N_build/backup/SDK_202406/aml-comp/uboot/bl30/src_ao/demos/amlogic/driver/leds//leds_state.o
 *fill*         0x00000000f7025656        0x2 
 .rodata.xLedsStateInit.str1.4
                0x00000000f7025658       0x94 gcc//storage/media_workspace/VIM/VIM4N_build/backup/SDK_202406/aml-comp/uboot/bl30/src_ao/demos/amlogic/driver/leds//leds_state.o
                                         0x9c (size before relaxing)
 .rodata.xLedsStateSetBlinkBreath.str1.4
                0x00000000f70256ec       0xb6 gcc//storage/media_workspace/VIM/VIM4N_build/backup/SDK_202406/aml-comp/uboot/bl30/src_ao/demos/amlogic/driver/leds//leds_state.o
 *fill*         0x00000000f70257a2        0x2 
 .rodata.xLedsStateSetBlinkOff.str1.4
                0x00000000f70257a4       0x8f gcc//storage/media_workspace/VIM/VIM4N_build/backup/SDK_202406/aml-comp/uboot/bl30/src_ao/demos/amlogic/driver/leds//leds_state.o
 *fill*         0x00000000f7025833        0x1 
 .rodata.xLedsStateSetBlinkOn.str1.4
                0x00000000f7025834       0x8e gcc//storage/media_workspace/VIM/VIM4N_build/backup/SDK_202406/aml-comp/uboot/bl30/src_ao/demos/amlogic/driver/leds//leds_state.o
 *fill*         0x00000000f70258c2        0x2 
 .rodata.xLedsStateSetBreath.str1.4
                0x00000000f70258c4       0x48 gcc//storage/media_workspace/VIM/VIM4N_build/backup/SDK_202406/aml-comp/uboot/bl30/src_ao/demos/amlogic/driver/leds//leds_state.o
 .rodata.xLedsStateSetBrightness.str1.4
                0x00000000f702590c       0x4e gcc//storage/media_workspace/VIM/VIM4N_build/backup/SDK_202406/aml-comp/uboot/bl30/src_ao/demos/amlogic/driver/leds//leds_state.o
 .text.get_led_breath_len
                0x00000000f702595a       0x2c gcc//storage/media_workspace/VIM/VIM4N_build/backup/SDK_202406/aml-comp/uboot/bl30/src_ao/demos/amlogic/driver/leds//leds_t7_plat.o
                0x00000000f702595a                get_led_breath_len
 .text.vLedPlatInit
                0x00000000f7025986       0x14 gcc//storage/media_workspace/VIM/VIM4N_build/backup/SDK_202406/aml-comp/uboot/bl30/src_ao/demos/amlogic/driver/leds//leds_t7_plat.o
                0x00000000f7025986                vLedPlatInit
 .text.vLedPinmuxInit
                0x00000000f702599a        0x8 gcc//storage/media_workspace/VIM/VIM4N_build/backup/SDK_202406/aml-comp/uboot/bl30/src_ao/demos/amlogic/driver/leds//leds_t7_plat.o
                0x00000000f702599a                vLedPinmuxInit
 *fill*         0x00000000f70259a2        0x2 
 .rodata.get_led_breath_len.str1.4
                0x00000000f70259a4       0x1e gcc//storage/media_workspace/VIM/VIM4N_build/backup/SDK_202406/aml-comp/uboot/bl30/src_ao/demos/amlogic/driver/leds//leds_t7_plat.o
                                         0x2a (size before relaxing)
 *fill*         0x00000000f70259c2        0x2 
 .rodata.str1.4
                0x00000000f70259c4        0x8 gcc//storage/media_workspace/VIM/VIM4N_build/backup/SDK_202406/aml-comp/uboot/bl30/src_ao/demos/amlogic/driver/leds//leds_t7_plat.o
 .text.xMboxGetWakeupReason
                0x00000000f70259cc       0x12 gcc//storage/media_workspace/VIM/VIM4N_build/backup/SDK_202406/aml-comp/uboot/bl30/src_ao/demos/amlogic/driver/str//suspend.o
                0x00000000f70259cc                xMboxGetWakeupReason
 .text.xMboxClrWakeupReason
                0x00000000f70259de        0x4 gcc//storage/media_workspace/VIM/VIM4N_build/backup/SDK_202406/aml-comp/uboot/bl30/src_ao/demos/amlogic/driver/str//suspend.o
                0x00000000f70259de                xMboxClrWakeupReason
 .text.xMboxGetStickRebootFlag
                0x00000000f70259e2       0x18 gcc//storage/media_workspace/VIM/VIM4N_build/backup/SDK_202406/aml-comp/uboot/bl30/src_ao/demos/amlogic/driver/str//suspend.o
                0x00000000f70259e2                xMboxGetStickRebootFlag
 .text.xMboxpm_sem
                0x00000000f70259fa       0x12 gcc//storage/media_workspace/VIM/VIM4N_build/backup/SDK_202406/aml-comp/uboot/bl30/src_ao/demos/amlogic/driver/str//suspend.o
                0x00000000f70259fa                xMboxpm_sem
 .text.xMboxSuspend_Sem
                0x00000000f7025a0c       0x72 gcc//storage/media_workspace/VIM/VIM4N_build/backup/SDK_202406/aml-comp/uboot/bl30/src_ao/demos/amlogic/driver/str//suspend.o
                0x00000000f7025a0c                xMboxSuspend_Sem
 .text.set_suspend_flag
                0x00000000f7025a7e       0x22 gcc//storage/media_workspace/VIM/VIM4N_build/backup/SDK_202406/aml-comp/uboot/bl30/src_ao/demos/amlogic/driver/str//suspend.o
                0x00000000f7025a7e                set_suspend_flag
 .text.vDDR_suspend
                0x00000000f7025aa0        0x2 gcc//storage/media_workspace/VIM/VIM4N_build/backup/SDK_202406/aml-comp/uboot/bl30/src_ao/demos/amlogic/driver/str//suspend.o
                0x00000000f7025aa0                vDDR_suspend
 .text.vDDR_resume
                0x00000000f7025aa2        0x2 gcc//storage/media_workspace/VIM/VIM4N_build/backup/SDK_202406/aml-comp/uboot/bl30/src_ao/demos/amlogic/driver/str//suspend.o
                0x00000000f7025aa2                vDDR_resume
 .text.store_rtc
                0x00000000f7025aa4        0x2 gcc//storage/media_workspace/VIM/VIM4N_build/backup/SDK_202406/aml-comp/uboot/bl30/src_ao/demos/amlogic/driver/str//suspend.o
                0x00000000f7025aa4                store_rtc
 .text.vCLK_suspend
                0x00000000f7025aa6        0x2 gcc//storage/media_workspace/VIM/VIM4N_build/backup/SDK_202406/aml-comp/uboot/bl30/src_ao/demos/amlogic/driver/str//suspend.o
                0x00000000f7025aa6                vCLK_suspend
 .text.vCLK_resume
                0x00000000f7025aa8        0x2 gcc//storage/media_workspace/VIM/VIM4N_build/backup/SDK_202406/aml-comp/uboot/bl30/src_ao/demos/amlogic/driver/str//suspend.o
                0x00000000f7025aa8                vCLK_resume
 .text.vDSP_suspend
                0x00000000f7025aaa        0x2 gcc//storage/media_workspace/VIM/VIM4N_build/backup/SDK_202406/aml-comp/uboot/bl30/src_ao/demos/amlogic/driver/str//suspend.o
                0x00000000f7025aaa                vDSP_suspend
 .text.vDSP_resume
                0x00000000f7025aac        0x2 gcc//storage/media_workspace/VIM/VIM4N_build/backup/SDK_202406/aml-comp/uboot/bl30/src_ao/demos/amlogic/driver/str//suspend.o
                0x00000000f7025aac                vDSP_resume
 .text.check_poweroff_status
                0x00000000f7025aae        0x6 gcc//storage/media_workspace/VIM/VIM4N_build/backup/SDK_202406/aml-comp/uboot/bl30/src_ao/demos/amlogic/driver/str//suspend.o
                0x00000000f7025aae                check_poweroff_status
 .text.system_resume
                0x00000000f7025ab4       0x7e gcc//storage/media_workspace/VIM/VIM4N_build/backup/SDK_202406/aml-comp/uboot/bl30/src_ao/demos/amlogic/driver/str//suspend.o
                0x00000000f7025ab4                system_resume
 .text.system_suspend
                0x00000000f7025b32       0x3a gcc//storage/media_workspace/VIM/VIM4N_build/backup/SDK_202406/aml-comp/uboot/bl30/src_ao/demos/amlogic/driver/str//suspend.o
                0x00000000f7025b32                system_suspend
 .text.vSTRTask
                0x00000000f7025b6c      0x150 gcc//storage/media_workspace/VIM/VIM4N_build/backup/SDK_202406/aml-comp/uboot/bl30/src_ao/demos/amlogic/driver/str//suspend.o
 .rodata.vSTRTask
                0x00000000f7025cbc       0x40 gcc//storage/media_workspace/VIM/VIM4N_build/backup/SDK_202406/aml-comp/uboot/bl30/src_ao/demos/amlogic/driver/str//suspend.o
 .text.STR_Wakeup_src_Queue_Send_FromISR
                0x00000000f7025cfc       0x4c gcc//storage/media_workspace/VIM/VIM4N_build/backup/SDK_202406/aml-comp/uboot/bl30/src_ao/demos/amlogic/driver/str//suspend.o
                0x00000000f7025cfc                STR_Wakeup_src_Queue_Send_FromISR
 .text.STR_Wakeup_src_Queue_Send
                0x00000000f7025d48       0x48 gcc//storage/media_workspace/VIM/VIM4N_build/backup/SDK_202406/aml-comp/uboot/bl30/src_ao/demos/amlogic/driver/str//suspend.o
                0x00000000f7025d48                STR_Wakeup_src_Queue_Send
 .text.create_str_task
                0x00000000f7025d90      0x122 gcc//storage/media_workspace/VIM/VIM4N_build/backup/SDK_202406/aml-comp/uboot/bl30/src_ao/demos/amlogic/driver/str//suspend.o
                0x00000000f7025d90                create_str_task
 *fill*         0x00000000f7025eb2        0x2 
 .rodata.create_str_task.str1.4
                0x00000000f7025eb4       0x24 gcc//storage/media_workspace/VIM/VIM4N_build/backup/SDK_202406/aml-comp/uboot/bl30/src_ao/demos/amlogic/driver/str//suspend.o
                                         0x41 (size before relaxing)
 .rodata.str1.4
                0x00000000f7025ed8       0x78 gcc//storage/media_workspace/VIM/VIM4N_build/backup/SDK_202406/aml-comp/uboot/bl30/src_ao/demos/amlogic/driver/str//suspend.o
 .rodata.vSTRTask.str1.4
                0x00000000f7025f50       0xa8 gcc//storage/media_workspace/VIM/VIM4N_build/backup/SDK_202406/aml-comp/uboot/bl30/src_ao/demos/amlogic/driver/str//suspend.o
                                         0xb8 (size before relaxing)
 .rodata.xMboxSuspend_Sem.str1.4
                0x00000000f7025ff8       0x45 gcc//storage/media_workspace/VIM/VIM4N_build/backup/SDK_202406/aml-comp/uboot/bl30/src_ao/demos/amlogic/driver/str//suspend.o
 *fill*         0x00000000f702603d        0x1 
 .text.cec_get_wakeup_otp_msg
                0x00000000f702603e       0x20 gcc//storage/media_workspace/VIM/VIM4N_build/backup/SDK_202406/aml-comp/uboot/bl30/src_ao/demos/amlogic/driver/cec//hdmi_cec.o
 .text.cec_get_wakeup_as_msg
                0x00000000f702605e       0x20 gcc//storage/media_workspace/VIM/VIM4N_build/backup/SDK_202406/aml-comp/uboot/bl30/src_ao/demos/amlogic/driver/cec//hdmi_cec.o
 .text.cec_update_config_data
                0x00000000f702607e       0xa6 gcc//storage/media_workspace/VIM/VIM4N_build/backup/SDK_202406/aml-comp/uboot/bl30/src_ao/demos/amlogic/driver/cec//hdmi_cec.o
                0x00000000f702607e                cec_update_config_data
 .text.read_ao.part.2
                0x00000000f7026124       0x22 gcc//storage/media_workspace/VIM/VIM4N_build/backup/SDK_202406/aml-comp/uboot/bl30/src_ao/demos/amlogic/driver/cec//hdmi_cec.o
 .text.write_ao.part.3
                0x00000000f7026146       0x16 gcc//storage/media_workspace/VIM/VIM4N_build/backup/SDK_202406/aml-comp/uboot/bl30/src_ao/demos/amlogic/driver/cec//hdmi_cec.o
 .text.cec_set_reg_bits
                0x00000000f702615c       0x84 gcc//storage/media_workspace/VIM/VIM4N_build/backup/SDK_202406/aml-comp/uboot/bl30/src_ao/demos/amlogic/driver/cec//hdmi_cec.o
 .text.cecb_rd_reg
                0x00000000f70261e0       0x4c gcc//storage/media_workspace/VIM/VIM4N_build/backup/SDK_202406/aml-comp/uboot/bl30/src_ao/demos/amlogic/driver/cec//hdmi_cec.o
 .text.ceca_rd_reg
                0x00000000f702622c       0x4c gcc//storage/media_workspace/VIM/VIM4N_build/backup/SDK_202406/aml-comp/uboot/bl30/src_ao/demos/amlogic/driver/cec//hdmi_cec.o
 .text.cec_get_log_addr
                0x00000000f7026278       0x52 gcc//storage/media_workspace/VIM/VIM4N_build/backup/SDK_202406/aml-comp/uboot/bl30/src_ao/demos/amlogic/driver/cec//hdmi_cec.o
 .text.ceca_wr_reg
                0x00000000f70262ca       0xaa gcc//storage/media_workspace/VIM/VIM4N_build/backup/SDK_202406/aml-comp/uboot/bl30/src_ao/demos/amlogic/driver/cec//hdmi_cec.o
 .text.ceca_addr_add
                0x00000000f7026374       0x6a gcc//storage/media_workspace/VIM/VIM4N_build/backup/SDK_202406/aml-comp/uboot/bl30/src_ao/demos/amlogic/driver/cec//hdmi_cec.o
 .text.cecb_wr_reg
                0x00000000f70263de       0xaa gcc//storage/media_workspace/VIM/VIM4N_build/backup/SDK_202406/aml-comp/uboot/bl30/src_ao/demos/amlogic/driver/cec//hdmi_cec.o
 .text.cecb_addr_add
                0x00000000f7026488       0x6a gcc//storage/media_workspace/VIM/VIM4N_build/backup/SDK_202406/aml-comp/uboot/bl30/src_ao/demos/amlogic/driver/cec//hdmi_cec.o
 .text.cec_set_log_addr
                0x00000000f70264f2       0x62 gcc//storage/media_workspace/VIM/VIM4N_build/backup/SDK_202406/aml-comp/uboot/bl30/src_ao/demos/amlogic/driver/cec//hdmi_cec.o
 .text.cec_get_wakeup_info2
                0x00000000f7026554       0x6c gcc//storage/media_workspace/VIM/VIM4N_build/backup/SDK_202406/aml-comp/uboot/bl30/src_ao/demos/amlogic/driver/cec//hdmi_cec.o
 .text.cec_get_wakeup_info1
                0x00000000f70265c0       0x68 gcc//storage/media_workspace/VIM/VIM4N_build/backup/SDK_202406/aml-comp/uboot/bl30/src_ao/demos/amlogic/driver/cec//hdmi_cec.o
 .text.cec_check_irq_sts
                0x00000000f7026628      0x28c gcc//storage/media_workspace/VIM/VIM4N_build/backup/SDK_202406/aml-comp/uboot/bl30/src_ao/demos/amlogic/driver/cec//hdmi_cec.o
 .text.cec_clear_all_logical_addr
                0x00000000f70268b4       0x46 gcc//storage/media_workspace/VIM/VIM4N_build/backup/SDK_202406/aml-comp/uboot/bl30/src_ao/demos/amlogic/driver/cec//hdmi_cec.o
 .text.cec_save_port_id
                0x00000000f70268fa       0xee gcc//storage/media_workspace/VIM/VIM4N_build/backup/SDK_202406/aml-comp/uboot/bl30/src_ao/demos/amlogic/driver/cec//hdmi_cec.o
 .text.cec_set_wk_msg.part.4.constprop.11
                0x00000000f70269e8      0x230 gcc//storage/media_workspace/VIM/VIM4N_build/backup/SDK_202406/aml-comp/uboot/bl30/src_ao/demos/amlogic/driver/cec//hdmi_cec.o
 .text.cec_restore_logical_addr
                0x00000000f7026c18       0x84 gcc//storage/media_workspace/VIM/VIM4N_build/backup/SDK_202406/aml-comp/uboot/bl30/src_ao/demos/amlogic/driver/cec//hdmi_cec.o
 .text.cecb_hw_reset
                0x00000000f7026c9c      0x20a gcc//storage/media_workspace/VIM/VIM4N_build/backup/SDK_202406/aml-comp/uboot/bl30/src_ao/demos/amlogic/driver/cec//hdmi_cec.o
 .text.cec_trigger_tx
                0x00000000f7026ea6      0x216 gcc//storage/media_workspace/VIM/VIM4N_build/backup/SDK_202406/aml-comp/uboot/bl30/src_ao/demos/amlogic/driver/cec//hdmi_cec.o
 .text.cec_queue_tx_msg
                0x00000000f70270bc       0x8e gcc//storage/media_workspace/VIM/VIM4N_build/backup/SDK_202406/aml-comp/uboot/bl30/src_ao/demos/amlogic/driver/cec//hdmi_cec.o
 .text.cec_suspend_handle
                0x00000000f702714a     0x1170 gcc//storage/media_workspace/VIM/VIM4N_build/backup/SDK_202406/aml-comp/uboot/bl30/src_ao/demos/amlogic/driver/cec//hdmi_cec.o
                0x00000000f702714a                cec_suspend_handle
 .text.cec_init_config
                0x00000000f70282ba      0x14e gcc//storage/media_workspace/VIM/VIM4N_build/backup/SDK_202406/aml-comp/uboot/bl30/src_ao/demos/amlogic/driver/cec//hdmi_cec.o
                0x00000000f70282ba                cec_init_config
 .text.vCEC_task
                0x00000000f7028408       0xcc gcc//storage/media_workspace/VIM/VIM4N_build/backup/SDK_202406/aml-comp/uboot/bl30/src_ao/demos/amlogic/driver/cec//hdmi_cec.o
                0x00000000f7028408                vCEC_task
 .text.vCecCallbackInit
                0x00000000f70284d4      0x132 gcc//storage/media_workspace/VIM/VIM4N_build/backup/SDK_202406/aml-comp/uboot/bl30/src_ao/demos/amlogic/driver/cec//hdmi_cec.o
                0x00000000f70284d4                vCecCallbackInit
 .text.cec_req_irq
                0x00000000f7028606        0x2 gcc//storage/media_workspace/VIM/VIM4N_build/backup/SDK_202406/aml-comp/uboot/bl30/src_ao/demos/amlogic/driver/cec//hdmi_cec.o
                0x00000000f7028606                cec_req_irq
 .rodata        0x00000000f7028608       0x24 gcc//storage/media_workspace/VIM/VIM4N_build/backup/SDK_202406/aml-comp/uboot/bl30/src_ao/demos/amlogic/driver/cec//hdmi_cec.o
 .rodata.__func__.3129
                0x00000000f702862c        0x9 gcc//storage/media_workspace/VIM/VIM4N_build/backup/SDK_202406/aml-comp/uboot/bl30/src_ao/demos/amlogic/driver/cec//hdmi_cec.o
 *fill*         0x00000000f7028635        0x3 
 .rodata.__func__.3190
                0x00000000f7028638       0x19 gcc//storage/media_workspace/VIM/VIM4N_build/backup/SDK_202406/aml-comp/uboot/bl30/src_ao/demos/amlogic/driver/cec//hdmi_cec.o
 *fill*         0x00000000f7028651        0x3 
 .rodata.__func__.3195
                0x00000000f7028654       0x15 gcc//storage/media_workspace/VIM/VIM4N_build/backup/SDK_202406/aml-comp/uboot/bl30/src_ao/demos/amlogic/driver/cec//hdmi_cec.o
 *fill*         0x00000000f7028669        0x3 
 .rodata.__func__.3200
                0x00000000f702866c       0x15 gcc//storage/media_workspace/VIM/VIM4N_build/backup/SDK_202406/aml-comp/uboot/bl30/src_ao/demos/amlogic/driver/cec//hdmi_cec.o
 *fill*         0x00000000f7028681        0x3 
 .rodata.__func__.3212
                0x00000000f7028684       0x10 gcc//storage/media_workspace/VIM/VIM4N_build/backup/SDK_202406/aml-comp/uboot/bl30/src_ao/demos/amlogic/driver/cec//hdmi_cec.o
 .rodata.__func__.3312
                0x00000000f7028694       0x13 gcc//storage/media_workspace/VIM/VIM4N_build/backup/SDK_202406/aml-comp/uboot/bl30/src_ao/demos/amlogic/driver/cec//hdmi_cec.o
 *fill*         0x00000000f70286a7        0x1 
 .rodata.__func__.3323
                0x00000000f70286a8       0x13 gcc//storage/media_workspace/VIM/VIM4N_build/backup/SDK_202406/aml-comp/uboot/bl30/src_ao/demos/amlogic/driver/cec//hdmi_cec.o
 *fill*         0x00000000f70286bb        0x1 
 .rodata.__func__.3353
                0x00000000f70286bc       0x14 gcc//storage/media_workspace/VIM/VIM4N_build/backup/SDK_202406/aml-comp/uboot/bl30/src_ao/demos/amlogic/driver/cec//hdmi_cec.o
 .rodata.__func__.3359
                0x00000000f70286d0       0x13 gcc//storage/media_workspace/VIM/VIM4N_build/backup/SDK_202406/aml-comp/uboot/bl30/src_ao/demos/amlogic/driver/cec//hdmi_cec.o
 *fill*         0x00000000f70286e3        0x1 
 .rodata.__func__.3532
                0x00000000f70286e4        0xa gcc//storage/media_workspace/VIM/VIM4N_build/backup/SDK_202406/aml-comp/uboot/bl30/src_ao/demos/amlogic/driver/cec//hdmi_cec.o
 *fill*         0x00000000f70286ee        0x2 
 .rodata.addr_map.3338
                0x00000000f70286f0        0xf gcc//storage/media_workspace/VIM/VIM4N_build/backup/SDK_202406/aml-comp/uboot/bl30/src_ao/demos/amlogic/driver/cec//hdmi_cec.o
 *fill*         0x00000000f70286ff        0x1 
 .rodata.cec_check_irq_sts.str1.4
                0x00000000f7028700       0x89 gcc//storage/media_workspace/VIM/VIM4N_build/backup/SDK_202406/aml-comp/uboot/bl30/src_ao/demos/amlogic/driver/cec//hdmi_cec.o
 *fill*         0x00000000f7028789        0x3 
 .rodata.cec_clear_all_logical_addr.str1.4
                0x00000000f702878c       0x18 gcc//storage/media_workspace/VIM/VIM4N_build/backup/SDK_202406/aml-comp/uboot/bl30/src_ao/demos/amlogic/driver/cec//hdmi_cec.o
 .rodata.cec_get_wakeup_info2.str1.4
                0x00000000f70287a4       0x11 gcc//storage/media_workspace/VIM/VIM4N_build/backup/SDK_202406/aml-comp/uboot/bl30/src_ao/demos/amlogic/driver/cec//hdmi_cec.o
 *fill*         0x00000000f70287b5        0x3 
 .rodata.cec_init_config.str1.4
                0x00000000f70287b8       0x53 gcc//storage/media_workspace/VIM/VIM4N_build/backup/SDK_202406/aml-comp/uboot/bl30/src_ao/demos/amlogic/driver/cec//hdmi_cec.o
                                         0x57 (size before relaxing)
 *fill*         0x00000000f702880b        0x1 
 .rodata.cec_queue_tx_msg.str1.4
                0x00000000f702880c       0x1b gcc//storage/media_workspace/VIM/VIM4N_build/backup/SDK_202406/aml-comp/uboot/bl30/src_ao/demos/amlogic/driver/cec//hdmi_cec.o
 *fill*         0x00000000f7028827        0x1 
 .rodata.cec_restore_logical_addr.str1.4
                0x00000000f7028828       0x20 gcc//storage/media_workspace/VIM/VIM4N_build/backup/SDK_202406/aml-comp/uboot/bl30/src_ao/demos/amlogic/driver/cec//hdmi_cec.o
 .rodata.cec_save_port_id.str1.4
                0x00000000f7028848       0x2a gcc//storage/media_workspace/VIM/VIM4N_build/backup/SDK_202406/aml-comp/uboot/bl30/src_ao/demos/amlogic/driver/cec//hdmi_cec.o
 *fill*         0x00000000f7028872        0x2 
 .rodata.cec_suspend_handle.str1.4
                0x00000000f7028874      0x29b gcc//storage/media_workspace/VIM/VIM4N_build/backup/SDK_202406/aml-comp/uboot/bl30/src_ao/demos/amlogic/driver/cec//hdmi_cec.o
                                        0x2a3 (size before relaxing)
 *fill*         0x00000000f7028b0f        0x1 
 .rodata.cec_trigger_tx.str1.4
                0x00000000f7028b10       0x6f gcc//storage/media_workspace/VIM/VIM4N_build/backup/SDK_202406/aml-comp/uboot/bl30/src_ao/demos/amlogic/driver/cec//hdmi_cec.o
 *fill*         0x00000000f7028b7f        0x1 
 .rodata.cec_update_config_data.str1.4
                0x00000000f7028b80       0x46 gcc//storage/media_workspace/VIM/VIM4N_build/backup/SDK_202406/aml-comp/uboot/bl30/src_ao/demos/amlogic/driver/cec//hdmi_cec.o
                                         0x4a (size before relaxing)
 *fill*         0x00000000f7028bc6        0x2 
 .rodata.ceca_addr_add.str1.4
                0x00000000f7028bc8       0x16 gcc//storage/media_workspace/VIM/VIM4N_build/backup/SDK_202406/aml-comp/uboot/bl30/src_ao/demos/amlogic/driver/cec//hdmi_cec.o
 *fill*         0x00000000f7028bde        0x2 
 .rodata.ceca_wr_reg.str1.4
                0x00000000f7028be0       0x16 gcc//storage/media_workspace/VIM/VIM4N_build/backup/SDK_202406/aml-comp/uboot/bl30/src_ao/demos/amlogic/driver/cec//hdmi_cec.o
 *fill*         0x00000000f7028bf6        0x2 
 .rodata.cecb_addr_add.str1.4
                0x00000000f7028bf8       0x16 gcc//storage/media_workspace/VIM/VIM4N_build/backup/SDK_202406/aml-comp/uboot/bl30/src_ao/demos/amlogic/driver/cec//hdmi_cec.o
 *fill*         0x00000000f7028c0e        0x2 
 .rodata.cecb_hw_reset.str1.4
                0x00000000f7028c10       0x3c gcc//storage/media_workspace/VIM/VIM4N_build/backup/SDK_202406/aml-comp/uboot/bl30/src_ao/demos/amlogic/driver/cec//hdmi_cec.o
 .rodata.read_ao.part.2.str1.4
                0x00000000f7028c4c       0x10 gcc//storage/media_workspace/VIM/VIM4N_build/backup/SDK_202406/aml-comp/uboot/bl30/src_ao/demos/amlogic/driver/cec//hdmi_cec.o
 .rodata.vCEC_task.str1.4
                0x00000000f7028c5c       0x1b gcc//storage/media_workspace/VIM/VIM4N_build/backup/SDK_202406/aml-comp/uboot/bl30/src_ao/demos/amlogic/driver/cec//hdmi_cec.o
 .rodata.vCecCallbackInit.str1.4
                0x00000000f7028c77       0x1d gcc//storage/media_workspace/VIM/VIM4N_build/backup/SDK_202406/aml-comp/uboot/bl30/src_ao/demos/amlogic/driver/cec//hdmi_cec.o
 *fill*         0x00000000f7028c77        0x1 
 .rodata.write_ao.part.3.str1.4
                0x00000000f7028c78        0xf gcc//storage/media_workspace/VIM/VIM4N_build/backup/SDK_202406/aml-comp/uboot/bl30/src_ao/demos/amlogic/driver/cec//hdmi_cec.o
 *fill*         0x00000000f7028c87        0x1 
 .text.prvMesonI2cAddToken
                0x00000000f7028c88       0x64 gcc//storage/media_workspace/VIM/VIM4N_build/backup/SDK_202406/aml-comp/uboot/bl30/src_ao/demos/amlogic/driver/i2c//i2c.o
 .text.xI2cMesonXfer
                0x00000000f7028cec      0x378 gcc//storage/media_workspace/VIM/VIM4N_build/backup/SDK_202406/aml-comp/uboot/bl30/src_ao/demos/amlogic/driver/i2c//i2c.o
                0x00000000f7028cec                xI2cMesonXfer
 .text.xI2cMesonSetBusSpeed
                0x00000000f7029064       0xcc gcc//storage/media_workspace/VIM/VIM4N_build/backup/SDK_202406/aml-comp/uboot/bl30/src_ao/demos/amlogic/driver/i2c//i2c.o
                0x00000000f7029064                xI2cMesonSetBusSpeed
 .text.xI2cMesonWrite
                0x00000000f7029130       0x78 gcc//storage/media_workspace/VIM/VIM4N_build/backup/SDK_202406/aml-comp/uboot/bl30/src_ao/demos/amlogic/driver/i2c//i2c.o
                0x00000000f7029130                xI2cMesonWrite
 .text.xI2cMesonPortInit
                0x00000000f70291a8       0xd0 gcc//storage/media_workspace/VIM/VIM4N_build/backup/SDK_202406/aml-comp/uboot/bl30/src_ao/demos/amlogic/driver/i2c//i2c.o
                0x00000000f70291a8                xI2cMesonPortInit
 *fill*         0x00000000f7029278        0x0 
 .rodata.xI2cMesonSetBusSpeed.str1.4
                0x00000000f7029278       0x2c gcc//storage/media_workspace/VIM/VIM4N_build/backup/SDK_202406/aml-comp/uboot/bl30/src_ao/demos/amlogic/driver/i2c//i2c.o
 .rodata.xI2cMesonWrite.str1.4
                0x00000000f70292a4       0x1b gcc//storage/media_workspace/VIM/VIM4N_build/backup/SDK_202406/aml-comp/uboot/bl30/src_ao/demos/amlogic/driver/i2c//i2c.o
 *fill*         0x00000000f70292bf        0x1 
 .rodata.xI2cMesonXfer.str1.4
                0x00000000f70292c0       0x43 gcc//storage/media_workspace/VIM/VIM4N_build/backup/SDK_202406/aml-comp/uboot/bl30/src_ao/demos/amlogic/driver/i2c//i2c.o
 *fill*         0x00000000f7029303        0x1 
 .text.meson_i2c_plat_init
                0x00000000f7029304       0x12 gcc//storage/media_workspace/VIM/VIM4N_build/backup/SDK_202406/aml-comp/uboot/bl30/src_ao/demos/amlogic/driver/i2c//t7_plat.o
                0x00000000f7029304                meson_i2c_plat_init
 .text.vPrintTask2
                0x00000000f7029316        0xc gcc/main.o
 .text.vPrintTask1
                0x00000000f7029322        0xe gcc/main.o
 .text.vPrintSystemStatus
                0x00000000f7029330       0x10 gcc/main.o
 .text.hardware_init
                0x00000000f7029340       0x1a gcc/main.o
                0x00000000f7029340                hardware_init
 .text.startup.main
                0x00000000f702935a      0x12c gcc/main.o
                0x00000000f702935a                main
 .text.vApplicationIdleHook
                0x00000000f7029486        0x6 gcc/main.o
                0x00000000f7029486                vApplicationIdleHook
 .text.vApplicationMallocFailedHook
                0x00000000f702948c       0x12 gcc/main.o
                0x00000000f702948c                vApplicationMallocFailedHook
 .text.vApplicationStackOverflowHook
                0x00000000f702949e       0x18 gcc/main.o
                0x00000000f702949e                vApplicationStackOverflowHook
 *fill*         0x00000000f70294b6        0x2 
 .rodata.main.str1.4
                0x00000000f70294b8       0x7a gcc/main.o
                                         0x82 (size before relaxing)
 *fill*         0x00000000f7029532        0x2 
 .rodata.vApplicationMallocFailedHook.str1.4
                0x00000000f7029534       0x1e gcc/main.o
 *fill*         0x00000000f7029552        0x2 
 .rodata.vApplicationStackOverflowHook.str1.4
                0x00000000f7029554       0x1f gcc/main.o
 *fill*         0x00000000f7029573        0x1 
 .text.vIRHandler
                0x00000000f7029574       0x44 gcc/power.o
 .text.str_hw_init
                0x00000000f70295b8       0x6c gcc/power.o
                0x00000000f70295b8                str_hw_init
 .text.str_hw_disable
                0x00000000f7029624       0x36 gcc/power.o
                0x00000000f7029624                str_hw_disable
 .text.str_power_on
                0x00000000f702965a       0xee gcc/power.o
                0x00000000f702965a                str_power_on
 .text.mcu_i2c_init
                0x00000000f7029748       0x32 gcc/power.o
                0x00000000f7029748                mcu_i2c_init
 .text.str_power_off
                0x00000000f702977a      0x15a gcc/power.o
                0x00000000f702977a                str_power_off
 .rodata.str_hw_init.str1.4
                0x00000000f70298d4        0x8 gcc/power.o
 .rodata.str_power_off.str1.4
                0x00000000f70298dc       0x54 gcc/power.o
 .rodata.str_power_on.str1.4
                0x00000000f7029930       0xdc gcc/power.o
 .text.vListInitialise
                0x00000000f7029a0c       0x14 gcc/list.o
                0x00000000f7029a0c                vListInitialise
 .text.vListInitialiseItem
                0x00000000f7029a20        0x6 gcc/list.o
                0x00000000f7029a20                vListInitialiseItem
 .text.vListInsertEnd
                0x00000000f7029a26       0x18 gcc/list.o
                0x00000000f7029a26                vListInsertEnd
 .text.vListInsert
                0x00000000f7029a3e       0x30 gcc/list.o
                0x00000000f7029a3e                vListInsert
 .text.uxListRemove
                0x00000000f7029a6e       0x22 gcc/list.o
                0x00000000f7029a6e                uxListRemove
 .text.prvCopyDataToQueue
                0x00000000f7029a90       0xa4 gcc/queue.o
 .text.prvCopyDataFromQueue
                0x00000000f7029b34       0x1e gcc/queue.o
 .text.prvUnlockQueue
                0x00000000f7029b52       0xb6 gcc/queue.o
 .text.xQueueGenericReset
                0x00000000f7029c08       0x9c gcc/queue.o
                0x00000000f7029c08                xQueueGenericReset
 .text.xQueueGenericCreate
                0x00000000f7029ca4       0x82 gcc/queue.o
                0x00000000f7029ca4                xQueueGenericCreate
 .text.xQueueGenericSend
                0x00000000f7029d26      0x1d2 gcc/queue.o
                0x00000000f7029d26                xQueueGenericSend
 .text.xQueueGenericSendFromISR
                0x00000000f7029ef8       0xfe gcc/queue.o
                0x00000000f7029ef8                xQueueGenericSendFromISR
 .text.xQueueReceive
                0x00000000f7029ff6      0x18c gcc/queue.o
                0x00000000f7029ff6                xQueueReceive
 .text.xQueueSemaphoreTake
                0x00000000f702a182      0x1d2 gcc/queue.o
                0x00000000f702a182                xQueueSemaphoreTake
 .text.vQueueAddToRegistry
                0x00000000f702a354       0x26 gcc/queue.o
                0x00000000f702a354                vQueueAddToRegistry
 .text.vQueueWaitForMessageRestricted
                0x00000000f702a37a       0x5c gcc/queue.o
                0x00000000f702a37a                vQueueWaitForMessageRestricted
 *fill*         0x00000000f702a3d6        0x2 
 .rodata.xQueueGenericReset.str1.4
                0x00000000f702a3d8       0x24 gcc/queue.o
                                         0x33 (size before relaxing)
 .text.prvResetNextTaskUnblockTime.part.0
                0x00000000f702a3fc       0x1a gcc/tasks.o
 .text.prvAddCurrentTaskToDelayedList
                0x00000000f702a416       0xb2 gcc/tasks.o
 .text.vTaskEnterCritical.part.4
                0x00000000f702a4c8       0x14 gcc/tasks.o
 .text.vTaskExitCritical.part.5
                0x00000000f702a4dc       0x1c gcc/tasks.o
 .text.prvIdleTask
                0x00000000f702a4f8       0xb6 gcc/tasks.o
 .text.xTaskCreate
                0x00000000f702a5ae      0x2ac gcc/tasks.o
                0x00000000f702a5ae                xTaskCreate
 .text.vTaskDelete
                0x00000000f702a85a      0x12c gcc/tasks.o
                0x00000000f702a85a                vTaskDelete
 .text.xTaskResumeFromISR
                0x00000000f702a986       0xd0 gcc/tasks.o
                0x00000000f702a986                xTaskResumeFromISR
 .text.vTaskStartScheduler
                0x00000000f702aa56       0x8c gcc/tasks.o
                0x00000000f702aa56                vTaskStartScheduler
 .text.vTaskSuspendAll
                0x00000000f702aae2       0x10 gcc/tasks.o
                0x00000000f702aae2                vTaskSuspendAll
 .text.xTaskGetTickCount
                0x00000000f702aaf2       0x50 gcc/tasks.o
                0x00000000f702aaf2                xTaskGetTickCount
 .text.pcTaskGetName
                0x00000000f702ab42       0x38 gcc/tasks.o
                0x00000000f702ab42                pcTaskGetName
 .text.xTaskIncrementTick
                0x00000000f702ab7a      0x1d6 gcc/tasks.o
                0x00000000f702ab7a                xTaskIncrementTick
 .text.xTaskResumeAll
                0x00000000f702ad50      0x17e gcc/tasks.o
                0x00000000f702ad50                xTaskResumeAll
 .text.vTaskDelay
                0x00000000f702aece       0x5a gcc/tasks.o
                0x00000000f702aece                vTaskDelay
 .text.vTaskSwitchContext
                0x00000000f702af28       0xe0 gcc/tasks.o
                0x00000000f702af28                vTaskSwitchContext
 .text.vTaskSuspend
                0x00000000f702b008      0x158 gcc/tasks.o
                0x00000000f702b008                vTaskSuspend
 .text.vTaskPlaceOnEventList
                0x00000000f702b160       0x48 gcc/tasks.o
                0x00000000f702b160                vTaskPlaceOnEventList
 .text.vTaskPlaceOnEventListRestricted
                0x00000000f702b1a8       0x52 gcc/tasks.o
                0x00000000f702b1a8                vTaskPlaceOnEventListRestricted
 .text.xTaskRemoveFromEventList
                0x00000000f702b1fa       0xb8 gcc/tasks.o
                0x00000000f702b1fa                xTaskRemoveFromEventList
 .text.vTaskInternalSetTimeOutState
                0x00000000f702b2b2       0x1a gcc/tasks.o
                0x00000000f702b2b2                vTaskInternalSetTimeOutState
 .text.xTaskCheckForTimeOut
                0x00000000f702b2cc       0xe6 gcc/tasks.o
                0x00000000f702b2cc                xTaskCheckForTimeOut
 .text.vTaskMissedYield
                0x00000000f702b3b2        0xc gcc/tasks.o
                0x00000000f702b3b2                vTaskMissedYield
 .text.xTaskGetCurrentTaskHandle
                0x00000000f702b3be        0xc gcc/tasks.o
                0x00000000f702b3be                xTaskGetCurrentTaskHandle
 .text.xTaskGetSchedulerState
                0x00000000f702b3ca       0x20 gcc/tasks.o
                0x00000000f702b3ca                xTaskGetSchedulerState
 .text.xTaskPriorityInherit
                0x00000000f702b3ea       0xb6 gcc/tasks.o
                0x00000000f702b3ea                xTaskPriorityInherit
 .text.xTaskPriorityDisinherit
                0x00000000f702b4a0       0xbe gcc/tasks.o
                0x00000000f702b4a0                xTaskPriorityDisinherit
 .text.vTaskPriorityDisinheritAfterTimeout
                0x00000000f702b55e       0xec gcc/tasks.o
                0x00000000f702b55e                vTaskPriorityDisinheritAfterTimeout
 .text.vTaskEnterCritical
                0x00000000f702b64a       0x16 gcc/tasks.o
                0x00000000f702b64a                vTaskEnterCritical
 .text.vTaskExitCritical
                0x00000000f702b660       0x20 gcc/tasks.o
                0x00000000f702b660                vTaskExitCritical
 .text.pvTaskIncrementMutexHeldCount
                0x00000000f702b680       0x18 gcc/tasks.o
                0x00000000f702b680                pvTaskIncrementMutexHeldCount
 .text.ulTaskNotifyTake
                0x00000000f702b698       0xb8 gcc/tasks.o
                0x00000000f702b698                ulTaskNotifyTake
 .text.vTaskNotifyGiveFromISR
                0x00000000f702b750       0xfc gcc/tasks.o
                0x00000000f702b750                vTaskNotifyGiveFromISR
 .text.vTaskDumpStack
                0x00000000f702b84c       0x94 gcc/tasks.o
                0x00000000f702b84c                vTaskDumpStack
 .rodata.vTaskDelete.str1.4
                0x00000000f702b8e0       0x24 gcc/tasks.o
                                         0x33 (size before relaxing)
 .rodata.vTaskDumpStack.str1.4
                0x00000000f702b904       0x1e gcc/tasks.o
                                         0x22 (size before relaxing)
 *fill*         0x00000000f702b922        0x2 
 .rodata.vTaskStartScheduler.str1.4
                0x00000000f702b924        0x5 gcc/tasks.o
 *fill*         0x00000000f702b929        0x1 
 .text.prvCheckForValidListAndQueue
                0x00000000f702b92a       0x7c gcc/timers.o
 .text.prvInsertTimerInActiveList
                0x00000000f702b9a6       0x5c gcc/timers.o
 .text.xTimerCreateTimerTask
                0x00000000f702ba02       0x5e gcc/timers.o
                0x00000000f702ba02                xTimerCreateTimerTask
 .text.xTimerCreate
                0x00000000f702ba60       0x78 gcc/timers.o
                0x00000000f702ba60                xTimerCreate
 .text.xTimerGenericCommand
                0x00000000f702bad8       0x94 gcc/timers.o
                0x00000000f702bad8                xTimerGenericCommand
 .text.prvSwitchTimerLists
                0x00000000f702bb6c       0xb0 gcc/timers.o
 .text.prvTimerTask
                0x00000000f702bc1c      0x228 gcc/timers.o
 *fill*         0x00000000f702be44        0x0 
 .rodata.prvCheckForValidListAndQueue.str1.4
                0x00000000f702be44        0x5 gcc/timers.o
 *fill*         0x00000000f702be49        0x3 
 .rodata.xTimerCreateTimerTask.str1.4
                0x00000000f702be4c       0x30 gcc/timers.o
                                         0x40 (size before relaxing)
 .text.prvTaskExitError
                0x00000000f702be7c       0x5a gcc/port.o
 .text.ulSynchTrap
                0x00000000f702bed6      0x1bc gcc/port.o
                0x00000000f702bed6                ulSynchTrap
 .text.vPortClearInterruptMask
                0x00000000f702c092        0x8 gcc/port.o
                0x00000000f702c092                vPortClearInterruptMask
 .text.xPortSetInterruptMask
                0x00000000f702c09a       0x1e gcc/port.o
                0x00000000f702c09a                xPortSetInterruptMask
 .text.pxPortInitialiseStack
                0x00000000f702c0b8       0x50 gcc/port.o
                0x00000000f702c0b8                pxPortInitialiseStack
 .text.vPortSysTickHandler
                0x00000000f702c108       0x3a gcc/port.o
                0x00000000f702c108                vPortSysTickHandler
 .text.vPortSetupTimer
                0x00000000f702c142       0x4e gcc/port.o
                0x00000000f702c142                vPortSetupTimer
 .text.vSoftIRQHandler
                0x00000000f702c190        0xc gcc/port.o
                0x00000000f702c190                vSoftIRQHandler
 .text.vGenerateSoftIRQ
                0x00000000f702c19c        0xc gcc/port.o
                0x00000000f702c19c                vGenerateSoftIRQ
 .text.vPortSetup
                0x00000000f702c1a8       0x3a gcc/port.o
                0x00000000f702c1a8                vPortSetup
 *fill*         0x00000000f702c1e2        0x2 
 .rodata.CSWTCH.12
                0x00000000f702c1e4       0x20 gcc/port.o
 .rodata.prvTaskExitError.str1.4
                0x00000000f702c204       0x76 gcc/port.o
                                         0x86 (size before relaxing)
 *fill*         0x00000000f702c27a        0x2 
 .rodata.str1.4
                0x00000000f702c27c       0xbf gcc/port.o
 *fill*         0x00000000f702c33b        0x1 
 .rodata.ulSynchTrap.str1.4
                0x00000000f702c33c      0x1fe gcc/port.o
 *fill*         0x00000000f702c53a        0x6 
 .text.entry    0x00000000f702c540      0x3f2 gcc/portasm.o
                0x00000000f702c540                trap_entry
                0x00000000f702c5cc                irq_entry
                0x00000000f702c688                eclic_mtip_handler
                0x00000000f702c738                eclic_msip_handler
                0x00000000f702c7e8                xPortStartScheduler
                0x00000000f702c880                vPortYield
                0x00000000f702c8f6                vPortEndScheduler
 .text.unlikely.prvInsertBlockIntoFreeList
                0x00000000f702c932       0x54 gcc/heap_5.o
 .text.vPortFree
                0x00000000f702c986       0x9a gcc/heap_5.o
                0x00000000f702c986                vPortFree
 .text.vPortDefineHeapRegions
                0x00000000f702ca20      0x17a gcc/heap_5.o
                0x00000000f702ca20                vPortDefineHeapRegions
 .text.pvPortMalloc
                0x00000000f702cb9a      0x124 gcc/heap_5.o
                0x00000000f702cb9a                pvPortMalloc
 *fill*         0x00000000f702ccbe        0x2 
 .rodata.vPortFree.str1.4
                0x00000000f702ccc0       0x36 gcc/heap_5.o
                                         0x47 (size before relaxing)
 .text.config_pmp
                0x00000000f702ccf6      0x21e gcc/n200_func.o
                0x00000000f702ccf6                config_pmp
 .text.xPortIsIsrContext
                0x00000000f702cf14        0xa gcc/n200_func.o
                0x00000000f702cf14                xPortIsIsrContext
 *fill*         0x00000000f702cf1e        0x2 
 .rodata.config_pmp.cst4
                0x00000000f702cf20        0x4 gcc/n200_func.o
 .rodata.config_pmp.str1.4
                0x00000000f702cf24       0x86 gcc/n200_func.o
 .text.eclic_init
                0x00000000f702cfaa       0x7a gcc/interrupt_control_eclic.o
                0x00000000f702cfaa                eclic_init
 .text.eclic_enable_interrupt
                0x00000000f702d024       0x12 gcc/interrupt_control_eclic.o
                0x00000000f702d024                eclic_enable_interrupt
 .text.eclic_set_intctrl
                0x00000000f702d036       0x10 gcc/interrupt_control_eclic.o
                0x00000000f702d036                eclic_set_intctrl
 .text.eclic_set_intattr
                0x00000000f702d046       0x10 gcc/interrupt_control_eclic.o
                0x00000000f702d046                eclic_set_intattr
 .text.eclic_get_intattr
                0x00000000f702d056       0x10 gcc/interrupt_control_eclic.o
                0x00000000f702d056                eclic_get_intattr
 .text.eclic_set_mth
                0x00000000f702d066        0xa gcc/interrupt_control_eclic.o
                0x00000000f702d066                eclic_set_mth
 .text.eclic_get_mth
                0x00000000f702d070        0xa gcc/interrupt_control_eclic.o
                0x00000000f702d070                eclic_get_mth
 .text.eclic_set_nlbits
                0x00000000f702d07a       0x18 gcc/interrupt_control_eclic.o
                0x00000000f702d07a                eclic_set_nlbits
 .text.eclic_set_irq_pri